Archive member included to satisfy reference by file (symbol)

/usr/lib/gcc/avr/13.2.0/../../../../avr/lib/avr5/libprintf_flt.a(vfprintf_flt.o)
                              (vfprintf)
/usr/lib/gcc/avr/13.2.0/../../../../avr/lib/avr5/libscanf_flt.a(vfscanf_flt.o)
                              (vfscanf)
/usr/lib/gcc/avr/13.2.0/../../../../avr/lib/avr5/libm.a(floatsisf.o)
                              /usr/lib/gcc/avr/13.2.0/../../../../avr/lib/avr5/libscanf_flt.a(vfscanf_flt.o) (__floatunsisf)
/usr/lib/gcc/avr/13.2.0/../../../../avr/lib/avr5/libm.a(mulsf3.o)
                              /usr/lib/gcc/avr/13.2.0/../../../../avr/lib/avr5/libscanf_flt.a(vfscanf_flt.o) (__mulsf3)
/usr/lib/gcc/avr/13.2.0/../../../../avr/lib/avr5/libm.a(mulsf3x.o)
                              /usr/lib/gcc/avr/13.2.0/../../../../avr/lib/avr5/libm.a(mulsf3.o) (__mulsf3x)
/usr/lib/gcc/avr/13.2.0/../../../../avr/lib/avr5/libm.a(fp_inf.o)
                              /usr/lib/gcc/avr/13.2.0/../../../../avr/lib/avr5/libm.a(mulsf3x.o) (__fp_inf)
/usr/lib/gcc/avr/13.2.0/../../../../avr/lib/avr5/libm.a(fp_nan.o)
                              /usr/lib/gcc/avr/13.2.0/../../../../avr/lib/avr5/libm.a(mulsf3x.o) (__fp_nan)
/usr/lib/gcc/avr/13.2.0/../../../../avr/lib/avr5/libm.a(fp_pscA.o)
                              /usr/lib/gcc/avr/13.2.0/../../../../avr/lib/avr5/libm.a(mulsf3x.o) (__fp_pscA)
/usr/lib/gcc/avr/13.2.0/../../../../avr/lib/avr5/libm.a(fp_pscB.o)
                              /usr/lib/gcc/avr/13.2.0/../../../../avr/lib/avr5/libm.a(mulsf3x.o) (__fp_pscB)
/usr/lib/gcc/avr/13.2.0/../../../../avr/lib/avr5/libm.a(fp_round.o)
                              /usr/lib/gcc/avr/13.2.0/../../../../avr/lib/avr5/libm.a(mulsf3.o) (__fp_round)
/usr/lib/gcc/avr/13.2.0/../../../../avr/lib/avr5/libm.a(fp_split3.o)
                              /usr/lib/gcc/avr/13.2.0/../../../../avr/lib/avr5/libm.a(mulsf3x.o) (__fp_split3)
/usr/lib/gcc/avr/13.2.0/../../../../avr/lib/avr5/libm.a(fp_zero.o)
                              /usr/lib/gcc/avr/13.2.0/../../../../avr/lib/avr5/libm.a(mulsf3x.o) (__fp_szero)
/usr/lib/gcc/avr/13.2.0/avr5/libgcc.a(_exit.o)
                              /usr/lib/gcc/avr/13.2.0/../../../../avr/lib/avr5/crtatmega328p.o (exit)
/usr/lib/gcc/avr/13.2.0/avr5/libgcc.a(_copy_data.o)
                              zad3.o (__do_copy_data)
/usr/lib/gcc/avr/13.2.0/avr5/libgcc.a(_prologue.o)
                              /usr/lib/gcc/avr/13.2.0/../../../../avr/lib/avr5/libprintf_flt.a(vfprintf_flt.o) (__prologue_saves__)
/usr/lib/gcc/avr/13.2.0/avr5/libgcc.a(_epilogue.o)
                              /usr/lib/gcc/avr/13.2.0/../../../../avr/lib/avr5/libprintf_flt.a(vfprintf_flt.o) (__epilogue_restores__)
/usr/lib/gcc/avr/13.2.0/../../../../avr/lib/avr5/libc.a(ftoa_engine.o)
                              /usr/lib/gcc/avr/13.2.0/../../../../avr/lib/avr5/libprintf_flt.a(vfprintf_flt.o) (__ftoa_engine)
/usr/lib/gcc/avr/13.2.0/../../../../avr/lib/avr5/libc.a(isspace.o)
                              /usr/lib/gcc/avr/13.2.0/../../../../avr/lib/avr5/libscanf_flt.a(vfscanf_flt.o) (isspace)
/usr/lib/gcc/avr/13.2.0/../../../../avr/lib/avr5/libc.a(tolower.o)
                              /usr/lib/gcc/avr/13.2.0/../../../../avr/lib/avr5/libscanf_flt.a(vfscanf_flt.o) (tolower)
/usr/lib/gcc/avr/13.2.0/../../../../avr/lib/avr5/libc.a(strchr_P.o)
                              /usr/lib/gcc/avr/13.2.0/../../../../avr/lib/avr5/libscanf_flt.a(vfscanf_flt.o) (strchr_P)
/usr/lib/gcc/avr/13.2.0/../../../../avr/lib/avr5/libc.a(strnlen_P.o)
                              /usr/lib/gcc/avr/13.2.0/../../../../avr/lib/avr5/libprintf_flt.a(vfprintf_flt.o) (strnlen_P)
/usr/lib/gcc/avr/13.2.0/../../../../avr/lib/avr5/libc.a(strnlen.o)
                              /usr/lib/gcc/avr/13.2.0/../../../../avr/lib/avr5/libprintf_flt.a(vfprintf_flt.o) (strnlen)
/usr/lib/gcc/avr/13.2.0/../../../../avr/lib/avr5/libc.a(fgetc.o)
                              /usr/lib/gcc/avr/13.2.0/../../../../avr/lib/avr5/libscanf_flt.a(vfscanf_flt.o) (fgetc)
/usr/lib/gcc/avr/13.2.0/../../../../avr/lib/avr5/libc.a(fputc.o)
                              /usr/lib/gcc/avr/13.2.0/../../../../avr/lib/avr5/libprintf_flt.a(vfprintf_flt.o) (fputc)
/usr/lib/gcc/avr/13.2.0/../../../../avr/lib/avr5/libc.a(ungetc.o)
                              /usr/lib/gcc/avr/13.2.0/../../../../avr/lib/avr5/libscanf_flt.a(vfscanf_flt.o) (ungetc)
/usr/lib/gcc/avr/13.2.0/../../../../avr/lib/avr5/libc.a(ultoa_invert.o)
                              /usr/lib/gcc/avr/13.2.0/../../../../avr/lib/avr5/libprintf_flt.a(vfprintf_flt.o) (__ultoa_invert)
/usr/lib/gcc/avr/13.2.0/../../../../avr/lib/avr5/libc.a(cty_isfalse.o)
                              /usr/lib/gcc/avr/13.2.0/../../../../avr/lib/avr5/libc.a(isspace.o) (__ctype_isfalse)

There are no discarded input sections

Memory Configuration

Name             Origin             Length             Attributes
text             0x00000000         0x00020000         xr
data             0x00800060         0x0000ffa0         rw!x
eeprom           0x00810000         0x00010000         rw!x
fuse             0x00820000         0x00000003         rw!x
lock             0x00830000         0x00000400         rw!x
signature        0x00840000         0x00000400         rw!x
user_signatures  0x00850000         0x00000400         rw!x
*default*        0x00000000         0xffffffff

Linker script and memory map

Address of section .data set to 0x800100
LOAD /usr/lib/gcc/avr/13.2.0/../../../../avr/lib/avr5/crtatmega328p.o
LOAD zad3.o
LOAD /usr/lib/gcc/avr/13.2.0/../../../../avr/lib/avr5/libprintf_flt.a
LOAD /usr/lib/gcc/avr/13.2.0/../../../../avr/lib/avr5/libscanf_flt.a
LOAD /usr/lib/gcc/avr/13.2.0/../../../../avr/lib/avr5/libm.a
START GROUP
LOAD /usr/lib/gcc/avr/13.2.0/avr5/libgcc.a
LOAD /usr/lib/gcc/avr/13.2.0/../../../../avr/lib/avr5/libm.a
LOAD /usr/lib/gcc/avr/13.2.0/../../../../avr/lib/avr5/libc.a
LOAD /usr/lib/gcc/avr/13.2.0/../../../../avr/lib/avr5/libatmega328p.a
END GROUP
                0x00020000                        __TEXT_REGION_LENGTH__ = DEFINED (__TEXT_REGION_LENGTH__)?__TEXT_REGION_LENGTH__:0x20000
                0x00800060                        __DATA_REGION_ORIGIN__ = DEFINED (__DATA_REGION_ORIGIN__)?__DATA_REGION_ORIGIN__:0x800060
                0x0000ffa0                        __DATA_REGION_LENGTH__ = DEFINED (__DATA_REGION_LENGTH__)?__DATA_REGION_LENGTH__:0xffa0
                0x00010000                        __EEPROM_REGION_LENGTH__ = DEFINED (__EEPROM_REGION_LENGTH__)?__EEPROM_REGION_LENGTH__:0x10000
                [0x00000003]                      __FUSE_REGION_LENGTH__ = DEFINED (__FUSE_REGION_LENGTH__)?__FUSE_REGION_LENGTH__:0x400
                0x00000400                        __LOCK_REGION_LENGTH__ = DEFINED (__LOCK_REGION_LENGTH__)?__LOCK_REGION_LENGTH__:0x400
                0x00000400                        __SIGNATURE_REGION_LENGTH__ = DEFINED (__SIGNATURE_REGION_LENGTH__)?__SIGNATURE_REGION_LENGTH__:0x400
                0x00000400                        __USER_SIGNATURE_REGION_LENGTH__ = DEFINED (__USER_SIGNATURE_REGION_LENGTH__)?__USER_SIGNATURE_REGION_LENGTH__:0x400

.hash
 *(.hash)

.dynsym
 *(.dynsym)

.dynstr
 *(.dynstr)

.gnu.version
 *(.gnu.version)

.gnu.version_d
 *(.gnu.version_d)

.gnu.version_r
 *(.gnu.version_r)

.rel.init
 *(.rel.init)

.rela.init
 *(.rela.init)

.rel.text
 *(.rel.text)
 *(.rel.text.*)
 *(.rel.gnu.linkonce.t*)

.rela.text
 *(.rela.text)
 *(.rela.text.*)
 *(.rela.gnu.linkonce.t*)

.rel.fini
 *(.rel.fini)

.rela.fini
 *(.rela.fini)

.rel.rodata
 *(.rel.rodata)
 *(.rel.rodata.*)
 *(.rel.gnu.linkonce.r*)

.rela.rodata
 *(.rela.rodata)
 *(.rela.rodata.*)
 *(.rela.gnu.linkonce.r*)

.rel.data
 *(.rel.data)
 *(.rel.data.*)
 *(.rel.gnu.linkonce.d*)

.rela.data
 *(.rela.data)
 *(.rela.data.*)
 *(.rela.gnu.linkonce.d*)

.rel.ctors
 *(.rel.ctors)

.rela.ctors
 *(.rela.ctors)

.rel.dtors
 *(.rel.dtors)

.rela.dtors
 *(.rela.dtors)

.rel.got
 *(.rel.got)

.rela.got
 *(.rela.got)

.rel.bss
 *(.rel.bss)

.rela.bss
 *(.rela.bss)

.rel.plt
 *(.rel.plt)

.rela.plt
 *(.rela.plt)

.text           0x00000000     0x17b6
 *(.vectors)
 .vectors       0x00000000       0x68 /usr/lib/gcc/avr/13.2.0/../../../../avr/lib/avr5/crtatmega328p.o
                0x00000000                __vectors
                0x00000000                __vector_default
 *(.vectors)
 *(.progmem.gcc*)
                0x00000068                        . = ALIGN (0x2)
                0x00000068                        __trampolines_start = .
 *(.trampolines)
 .trampolines   0x00000068        0x0 linker stubs
 *(.trampolines*)
                0x00000068                        __trampolines_end = .
 *libprintf_flt.a:*(.progmem.data)
 .progmem.data  0x00000068        0x8 /usr/lib/gcc/avr/13.2.0/../../../../avr/lib/avr5/libprintf_flt.a(vfprintf_flt.o)
 *libc.a:*(.progmem.data)
 .progmem.data  0x00000070       0xfa /usr/lib/gcc/avr/13.2.0/../../../../avr/lib/avr5/libc.a(ftoa_engine.o)
 *(.progmem.*)
 .progmem.data  0x0000016a       0x4d /usr/lib/gcc/avr/13.2.0/../../../../avr/lib/avr5/libscanf_flt.a(vfscanf_flt.o)
                0x000001b8                        . = ALIGN (0x2)
 *fill*         0x000001b7        0x1 
 *(.lowtext)
 *(.lowtext*)
                0x000001b8                        __ctors_start = .
 *(.ctors)
                0x000001b8                        __ctors_end = .
                0x000001b8                        __dtors_start = .
 *(.dtors)
                0x000001b8                        __dtors_end = .
 SORT_BY_NAME(*)(.ctors)
 SORT_BY_NAME(*)(.dtors)
 *(.init0)
 .init0         0x000001b8        0x0 /usr/lib/gcc/avr/13.2.0/../../../../avr/lib/avr5/crtatmega328p.o
                0x000001b8                __init
 *(.init0)
 *(.init1)
 *(.init1)
 *(.init2)
 .init2         0x000001b8        0xc /usr/lib/gcc/avr/13.2.0/../../../../avr/lib/avr5/crtatmega328p.o
 *(.init2)
 *(.init3)
 *(.init3)
 *(.init4)
 .init4         0x000001c4       0x16 /usr/lib/gcc/avr/13.2.0/avr5/libgcc.a(_copy_data.o)
                0x000001c4                __do_copy_data
 *(.init4)
 *(.init5)
 *(.init5)
 *(.init6)
 *(.init6)
 *(.init7)
 *(.init7)
 *(.init8)
 *(.init8)
 *(.init9)
 .init9         0x000001da        0x8 /usr/lib/gcc/avr/13.2.0/../../../../avr/lib/avr5/crtatmega328p.o
 *(.init9)
 *(.text)
 .text          0x000001e2        0x4 /usr/lib/gcc/avr/13.2.0/../../../../avr/lib/avr5/crtatmega328p.o
                0x000001e2                __vector_22
                0x000001e2                __vector_1
                0x000001e2                __vector_24
                0x000001e2                __vector_12
                0x000001e2                __bad_interrupt
                0x000001e2                __vector_6
                0x000001e2                __vector_3
                0x000001e2                __vector_23
                0x000001e2                __vector_25
                0x000001e2                __vector_11
                0x000001e2                __vector_13
                0x000001e2                __vector_17
                0x000001e2                __vector_19
                0x000001e2                __vector_7
                0x000001e2                __vector_5
                0x000001e2                __vector_4
                0x000001e2                __vector_9
                0x000001e2                __vector_2
                0x000001e2                __vector_21
                0x000001e2                __vector_15
                0x000001e2                __vector_8
                0x000001e2                __vector_14
                0x000001e2                __vector_10
                0x000001e2                __vector_16
                0x000001e2                __vector_18
                0x000001e2                __vector_20
 .text          0x000001e6        0x0 zad3.o
 .text          0x000001e6        0x0 /usr/lib/gcc/avr/13.2.0/../../../../avr/lib/avr5/libprintf_flt.a(vfprintf_flt.o)
 .text          0x000001e6        0x0 /usr/lib/gcc/avr/13.2.0/../../../../avr/lib/avr5/libscanf_flt.a(vfscanf_flt.o)
 .text          0x000001e6        0x0 /usr/lib/gcc/avr/13.2.0/../../../../avr/lib/avr5/libm.a(floatsisf.o)
 .text          0x000001e6        0x0 /usr/lib/gcc/avr/13.2.0/../../../../avr/lib/avr5/libm.a(mulsf3.o)
 .text          0x000001e6        0x0 /usr/lib/gcc/avr/13.2.0/../../../../avr/lib/avr5/libm.a(mulsf3x.o)
 .text          0x000001e6        0x0 /usr/lib/gcc/avr/13.2.0/../../../../avr/lib/avr5/libm.a(fp_inf.o)
 .text          0x000001e6        0x0 /usr/lib/gcc/avr/13.2.0/../../../../avr/lib/avr5/libm.a(fp_nan.o)
 .text          0x000001e6        0x0 /usr/lib/gcc/avr/13.2.0/../../../../avr/lib/avr5/libm.a(fp_pscA.o)
 .text          0x000001e6        0x0 /usr/lib/gcc/avr/13.2.0/../../../../avr/lib/avr5/libm.a(fp_pscB.o)
 .text          0x000001e6        0x0 /usr/lib/gcc/avr/13.2.0/../../../../avr/lib/avr5/libm.a(fp_round.o)
 .text          0x000001e6        0x0 /usr/lib/gcc/avr/13.2.0/../../../../avr/lib/avr5/libm.a(fp_split3.o)
 .text          0x000001e6        0x0 /usr/lib/gcc/avr/13.2.0/../../../../avr/lib/avr5/libm.a(fp_zero.o)
 .text          0x000001e6        0x0 /usr/lib/gcc/avr/13.2.0/avr5/libgcc.a(_exit.o)
 .text          0x000001e6        0x0 /usr/lib/gcc/avr/13.2.0/avr5/libgcc.a(_copy_data.o)
 .text          0x000001e6        0x0 /usr/lib/gcc/avr/13.2.0/avr5/libgcc.a(_prologue.o)
 .text          0x000001e6        0x0 /usr/lib/gcc/avr/13.2.0/avr5/libgcc.a(_epilogue.o)
 .text          0x000001e6        0x0 /usr/lib/gcc/avr/13.2.0/../../../../avr/lib/avr5/libc.a(ftoa_engine.o)
 .text          0x000001e6        0x0 /usr/lib/gcc/avr/13.2.0/../../../../avr/lib/avr5/libc.a(isspace.o)
 .text          0x000001e6        0x0 /usr/lib/gcc/avr/13.2.0/../../../../avr/lib/avr5/libc.a(tolower.o)
 .text          0x000001e6        0x0 /usr/lib/gcc/avr/13.2.0/../../../../avr/lib/avr5/libc.a(strchr_P.o)
 .text          0x000001e6        0x0 /usr/lib/gcc/avr/13.2.0/../../../../avr/lib/avr5/libc.a(strnlen_P.o)
 .text          0x000001e6        0x0 /usr/lib/gcc/avr/13.2.0/../../../../avr/lib/avr5/libc.a(strnlen.o)
 .text          0x000001e6        0x0 /usr/lib/gcc/avr/13.2.0/../../../../avr/lib/avr5/libc.a(fgetc.o)
 .text          0x000001e6        0x0 /usr/lib/gcc/avr/13.2.0/../../../../avr/lib/avr5/libc.a(fputc.o)
 .text          0x000001e6        0x0 /usr/lib/gcc/avr/13.2.0/../../../../avr/lib/avr5/libc.a(ungetc.o)
 .text          0x000001e6        0x0 /usr/lib/gcc/avr/13.2.0/../../../../avr/lib/avr5/libc.a(ultoa_invert.o)
 .text          0x000001e6        0x0 /usr/lib/gcc/avr/13.2.0/../../../../avr/lib/avr5/libc.a(cty_isfalse.o)
                0x000001e6                        . = ALIGN (0x2)
 *(.text.*)
 .text.startup  0x000001e6       0x46 zad3.o
                0x000001e6                main
 .text.avr-libc
                0x0000022c      0x6f0 /usr/lib/gcc/avr/13.2.0/../../../../avr/lib/avr5/libprintf_flt.a(vfprintf_flt.o)
                0x0000022c                vfprintf
 .text.avr-libc
                0x0000091c      0x84e /usr/lib/gcc/avr/13.2.0/../../../../avr/lib/avr5/libscanf_flt.a(vfscanf_flt.o)
                0x00000f3e                vfscanf
 .text.avr-libc.fplib
                0x0000116a       0x7a /usr/lib/gcc/avr/13.2.0/../../../../avr/lib/avr5/libm.a(floatsisf.o)
                0x0000116a                __floatunsisf
                0x0000116e                __floatsisf
 .text.avr-libc.fplib
                0x000011e4        0x8 /usr/lib/gcc/avr/13.2.0/../../../../avr/lib/avr5/libm.a(mulsf3.o)
                0x000011e4                __mulsf3
 .text.avr-libc.fplib
                0x000011ec       0xd2 /usr/lib/gcc/avr/13.2.0/../../../../avr/lib/avr5/libm.a(mulsf3x.o)
                0x0000120a                __mulsf3x
                0x00001210                __mulsf3_pse
 .text.avr-libc.fplib
                0x000012be        0xc /usr/lib/gcc/avr/13.2.0/../../../../avr/lib/avr5/libm.a(fp_inf.o)
                0x000012be                __fp_inf
 .text.avr-libc.fplib
                0x000012ca        0x6 /usr/lib/gcc/avr/13.2.0/../../../../avr/lib/avr5/libm.a(fp_nan.o)
                0x000012ca                __fp_nan
 .text.avr-libc.fplib
                0x000012d0        0xe /usr/lib/gcc/avr/13.2.0/../../../../avr/lib/avr5/libm.a(fp_pscA.o)
                0x000012d0                __fp_pscA
 .text.avr-libc.fplib
                0x000012de        0xe /usr/lib/gcc/avr/13.2.0/../../../../avr/lib/avr5/libm.a(fp_pscB.o)
                0x000012de                __fp_pscB
 .text.avr-libc.fplib
                0x000012ec       0x22 /usr/lib/gcc/avr/13.2.0/../../../../avr/lib/avr5/libm.a(fp_round.o)
                0x000012ec                __fp_round
 .text.avr-libc.fplib
                0x0000130e       0x44 /usr/lib/gcc/avr/13.2.0/../../../../avr/lib/avr5/libm.a(fp_split3.o)
                0x0000130e                __fp_split3
                0x0000131e                __fp_splitA
 .text.avr-libc.fplib
                0x00001352        0xe /usr/lib/gcc/avr/13.2.0/../../../../avr/lib/avr5/libm.a(fp_zero.o)
                0x00001352                __fp_zero
                0x00001354                __fp_szero
 .text.libgcc.mul
                0x00001360        0x0 /usr/lib/gcc/avr/13.2.0/avr5/libgcc.a(_exit.o)
 .text.libgcc.div
                0x00001360        0x0 /usr/lib/gcc/avr/13.2.0/avr5/libgcc.a(_exit.o)
 .text.libgcc   0x00001360        0x0 /usr/lib/gcc/avr/13.2.0/avr5/libgcc.a(_exit.o)
 .text.libgcc.prologue
                0x00001360        0x0 /usr/lib/gcc/avr/13.2.0/avr5/libgcc.a(_exit.o)
 .text.libgcc.builtins
                0x00001360        0x0 /usr/lib/gcc/avr/13.2.0/avr5/libgcc.a(_exit.o)
 .text.libgcc.fmul
                0x00001360        0x0 /usr/lib/gcc/avr/13.2.0/avr5/libgcc.a(_exit.o)
 .text.libgcc.fixed
                0x00001360        0x0 /usr/lib/gcc/avr/13.2.0/avr5/libgcc.a(_exit.o)
 .text.libgcc.mul
                0x00001360        0x0 /usr/lib/gcc/avr/13.2.0/avr5/libgcc.a(_copy_data.o)
 .text.libgcc.div
                0x00001360        0x0 /usr/lib/gcc/avr/13.2.0/avr5/libgcc.a(_copy_data.o)
 .text.libgcc   0x00001360        0x0 /usr/lib/gcc/avr/13.2.0/avr5/libgcc.a(_copy_data.o)
 .text.libgcc.prologue
                0x00001360        0x0 /usr/lib/gcc/avr/13.2.0/avr5/libgcc.a(_copy_data.o)
 .text.libgcc.builtins
                0x00001360        0x0 /usr/lib/gcc/avr/13.2.0/avr5/libgcc.a(_copy_data.o)
 .text.libgcc.fmul
                0x00001360        0x0 /usr/lib/gcc/avr/13.2.0/avr5/libgcc.a(_copy_data.o)
 .text.libgcc.fixed
                0x00001360        0x0 /usr/lib/gcc/avr/13.2.0/avr5/libgcc.a(_copy_data.o)
 .text.libgcc.mul
                0x00001360        0x0 /usr/lib/gcc/avr/13.2.0/avr5/libgcc.a(_prologue.o)
 .text.libgcc.div
                0x00001360        0x0 /usr/lib/gcc/avr/13.2.0/avr5/libgcc.a(_prologue.o)
 .text.libgcc   0x00001360        0x0 /usr/lib/gcc/avr/13.2.0/avr5/libgcc.a(_prologue.o)
 .text.libgcc.prologue
                0x00001360       0x38 /usr/lib/gcc/avr/13.2.0/avr5/libgcc.a(_prologue.o)
                0x00001360                __prologue_saves__
 .text.libgcc.builtins
                0x00001398        0x0 /usr/lib/gcc/avr/13.2.0/avr5/libgcc.a(_prologue.o)
 .text.libgcc.fmul
                0x00001398        0x0 /usr/lib/gcc/avr/13.2.0/avr5/libgcc.a(_prologue.o)
 .text.libgcc.fixed
                0x00001398        0x0 /usr/lib/gcc/avr/13.2.0/avr5/libgcc.a(_prologue.o)
 .text.libgcc.mul
                0x00001398        0x0 /usr/lib/gcc/avr/13.2.0/avr5/libgcc.a(_epilogue.o)
 .text.libgcc.div
                0x00001398        0x0 /usr/lib/gcc/avr/13.2.0/avr5/libgcc.a(_epilogue.o)
 .text.libgcc   0x00001398        0x0 /usr/lib/gcc/avr/13.2.0/avr5/libgcc.a(_epilogue.o)
 .text.libgcc.prologue
                0x00001398       0x36 /usr/lib/gcc/avr/13.2.0/avr5/libgcc.a(_epilogue.o)
                0x00001398                __epilogue_restores__
 .text.libgcc.builtins
                0x000013ce        0x0 /usr/lib/gcc/avr/13.2.0/avr5/libgcc.a(_epilogue.o)
 .text.libgcc.fmul
                0x000013ce        0x0 /usr/lib/gcc/avr/13.2.0/avr5/libgcc.a(_epilogue.o)
 .text.libgcc.fixed
                0x000013ce        0x0 /usr/lib/gcc/avr/13.2.0/avr5/libgcc.a(_epilogue.o)
 .text.avr-libc
                0x000013ce      0x1b0 /usr/lib/gcc/avr/13.2.0/../../../../avr/lib/avr5/libc.a(ftoa_engine.o)
                0x000013ce                __ftoa_engine
 .text.avr-libc
                0x0000157e       0x12 /usr/lib/gcc/avr/13.2.0/../../../../avr/lib/avr5/libc.a(isspace.o)
                0x0000157e                isspace
 .text.avr-libc
                0x00001590       0x10 /usr/lib/gcc/avr/13.2.0/../../../../avr/lib/avr5/libc.a(tolower.o)
                0x00001590                tolower
 .text.avr-libc
                0x000015a0       0x16 /usr/lib/gcc/avr/13.2.0/../../../../avr/lib/avr5/libc.a(strchr_P.o)
                0x000015a0                strchr_P
 .text.avr-libc
                0x000015b6       0x16 /usr/lib/gcc/avr/13.2.0/../../../../avr/lib/avr5/libc.a(strnlen_P.o)
                0x000015b6                strnlen_P
 .text.avr-libc
                0x000015cc       0x16 /usr/lib/gcc/avr/13.2.0/../../../../avr/lib/avr5/libc.a(strnlen.o)
                0x000015cc                strnlen
 .text.avr-libc
                0x000015e2       0x7e /usr/lib/gcc/avr/13.2.0/../../../../avr/lib/avr5/libc.a(fgetc.o)
                0x000015e2                fgetc
 .text.avr-libc
                0x00001660       0x60 /usr/lib/gcc/avr/13.2.0/../../../../avr/lib/avr5/libc.a(fputc.o)
                0x00001660                fputc
 .text.avr-libc
                0x000016c0       0x30 /usr/lib/gcc/avr/13.2.0/../../../../avr/lib/avr5/libc.a(ungetc.o)
                0x000016c0                ungetc
 .text.avr-libc
                0x000016f0       0xbc /usr/lib/gcc/avr/13.2.0/../../../../avr/lib/avr5/libc.a(ultoa_invert.o)
                0x000016f0                __ultoa_invert
 .text.avr-libc
                0x000017ac        0x6 /usr/lib/gcc/avr/13.2.0/../../../../avr/lib/avr5/libc.a(cty_isfalse.o)
                0x000017ac                __ctype_isfalse
                0x000017b0                __ctype_istrue
                0x000017b2                        . = ALIGN (0x2)
 *(.fini9)
 .fini9         0x000017b2        0x0 /usr/lib/gcc/avr/13.2.0/avr5/libgcc.a(_exit.o)
                0x000017b2                exit
                0x000017b2                _exit
 *(.fini9)
 *(.fini8)
 *(.fini8)
 *(.fini7)
 *(.fini7)
 *(.fini6)
 *(.fini6)
 *(.fini5)
 *(.fini5)
 *(.fini4)
 *(.fini4)
 *(.fini3)
 *(.fini3)
 *(.fini2)
 *(.fini2)
 *(.fini1)
 *(.fini1)
 *(.fini0)
 .fini0         0x000017b2        0x4 /usr/lib/gcc/avr/13.2.0/avr5/libgcc.a(_exit.o)
 *(.fini0)
 *(.hightext)
 *(.hightext*)
 *(.progmemx.*)
                0x000017b6                        . = ALIGN (0x2)
 *(.jumptables)
 *(.jumptables*)
                0x000017b6                        _etext = .

.data           0x00800100        0xa load address 0x000017b6
                0x00800100                        PROVIDE (__data_start = .)
 *(.data)
 .data          0x00800100        0x0 /usr/lib/gcc/avr/13.2.0/../../../../avr/lib/avr5/crtatmega328p.o
 .data          0x00800100        0xa zad3.o
                0x00800100                numbers
 .data          0x0080010a        0x0 /usr/lib/gcc/avr/13.2.0/../../../../avr/lib/avr5/libprintf_flt.a(vfprintf_flt.o)
 .data          0x0080010a        0x0 /usr/lib/gcc/avr/13.2.0/../../../../avr/lib/avr5/libscanf_flt.a(vfscanf_flt.o)
 .data          0x0080010a        0x0 /usr/lib/gcc/avr/13.2.0/../../../../avr/lib/avr5/libm.a(floatsisf.o)
 .data          0x0080010a        0x0 /usr/lib/gcc/avr/13.2.0/../../../../avr/lib/avr5/libm.a(mulsf3.o)
 .data          0x0080010a        0x0 /usr/lib/gcc/avr/13.2.0/../../../../avr/lib/avr5/libm.a(mulsf3x.o)
 .data          0x0080010a        0x0 /usr/lib/gcc/avr/13.2.0/../../../../avr/lib/avr5/libm.a(fp_inf.o)
 .data          0x0080010a        0x0 /usr/lib/gcc/avr/13.2.0/../../../../avr/lib/avr5/libm.a(fp_nan.o)
 .data          0x0080010a        0x0 /usr/lib/gcc/avr/13.2.0/../../../../avr/lib/avr5/libm.a(fp_pscA.o)
 .data          0x0080010a        0x0 /usr/lib/gcc/avr/13.2.0/../../../../avr/lib/avr5/libm.a(fp_pscB.o)
 .data          0x0080010a        0x0 /usr/lib/gcc/avr/13.2.0/../../../../avr/lib/avr5/libm.a(fp_round.o)
 .data          0x0080010a        0x0 /usr/lib/gcc/avr/13.2.0/../../../../avr/lib/avr5/libm.a(fp_split3.o)
 .data          0x0080010a        0x0 /usr/lib/gcc/avr/13.2.0/../../../../avr/lib/avr5/libm.a(fp_zero.o)
 .data          0x0080010a        0x0 /usr/lib/gcc/avr/13.2.0/avr5/libgcc.a(_exit.o)
 .data          0x0080010a        0x0 /usr/lib/gcc/avr/13.2.0/avr5/libgcc.a(_copy_data.o)
 .data          0x0080010a        0x0 /usr/lib/gcc/avr/13.2.0/avr5/libgcc.a(_prologue.o)
 .data          0x0080010a        0x0 /usr/lib/gcc/avr/13.2.0/avr5/libgcc.a(_epilogue.o)
 .data          0x0080010a        0x0 /usr/lib/gcc/avr/13.2.0/../../../../avr/lib/avr5/libc.a(ftoa_engine.o)
 .data          0x0080010a        0x0 /usr/lib/gcc/avr/13.2.0/../../../../avr/lib/avr5/libc.a(isspace.o)
 .data          0x0080010a        0x0 /usr/lib/gcc/avr/13.2.0/../../../../avr/lib/avr5/libc.a(tolower.o)
 .data          0x0080010a        0x0 /usr/lib/gcc/avr/13.2.0/../../../../avr/lib/avr5/libc.a(strchr_P.o)
 .data          0x0080010a        0x0 /usr/lib/gcc/avr/13.2.0/../../../../avr/lib/avr5/libc.a(strnlen_P.o)
 .data          0x0080010a        0x0 /usr/lib/gcc/avr/13.2.0/../../../../avr/lib/avr5/libc.a(strnlen.o)
 .data          0x0080010a        0x0 /usr/lib/gcc/avr/13.2.0/../../../../avr/lib/avr5/libc.a(fgetc.o)
 .data          0x0080010a        0x0 /usr/lib/gcc/avr/13.2.0/../../../../avr/lib/avr5/libc.a(fputc.o)
 .data          0x0080010a        0x0 /usr/lib/gcc/avr/13.2.0/../../../../avr/lib/avr5/libc.a(ungetc.o)
 .data          0x0080010a        0x0 /usr/lib/gcc/avr/13.2.0/../../../../avr/lib/avr5/libc.a(ultoa_invert.o)
 .data          0x0080010a        0x0 /usr/lib/gcc/avr/13.2.0/../../../../avr/lib/avr5/libc.a(cty_isfalse.o)
 *(.data*)
 *(.gnu.linkonce.d*)
 *(.rodata)
 *(.rodata*)
 *(.gnu.linkonce.r*)
                0x0080010a                        . = ALIGN (0x2)
                0x0080010a                        _edata = .
                0x0080010a                        PROVIDE (__data_end = .)

.bss            0x0080010a        0x0
                [!provide]                        PROVIDE (__bss_start = .)
 *(.bss)
 .bss           0x0080010a        0x0 /usr/lib/gcc/avr/13.2.0/../../../../avr/lib/avr5/crtatmega328p.o
 .bss           0x0080010a        0x0 zad3.o
 .bss           0x0080010a        0x0 /usr/lib/gcc/avr/13.2.0/../../../../avr/lib/avr5/libprintf_flt.a(vfprintf_flt.o)
 .bss           0x0080010a        0x0 /usr/lib/gcc/avr/13.2.0/../../../../avr/lib/avr5/libscanf_flt.a(vfscanf_flt.o)
 .bss           0x0080010a        0x0 /usr/lib/gcc/avr/13.2.0/../../../../avr/lib/avr5/libm.a(floatsisf.o)
 .bss           0x0080010a        0x0 /usr/lib/gcc/avr/13.2.0/../../../../avr/lib/avr5/libm.a(mulsf3.o)
 .bss           0x0080010a        0x0 /usr/lib/gcc/avr/13.2.0/../../../../avr/lib/avr5/libm.a(mulsf3x.o)
 .bss           0x0080010a        0x0 /usr/lib/gcc/avr/13.2.0/../../../../avr/lib/avr5/libm.a(fp_inf.o)
 .bss           0x0080010a        0x0 /usr/lib/gcc/avr/13.2.0/../../../../avr/lib/avr5/libm.a(fp_nan.o)
 .bss           0x0080010a        0x0 /usr/lib/gcc/avr/13.2.0/../../../../avr/lib/avr5/libm.a(fp_pscA.o)
 .bss           0x0080010a        0x0 /usr/lib/gcc/avr/13.2.0/../../../../avr/lib/avr5/libm.a(fp_pscB.o)
 .bss           0x0080010a        0x0 /usr/lib/gcc/avr/13.2.0/../../../../avr/lib/avr5/libm.a(fp_round.o)
 .bss           0x0080010a        0x0 /usr/lib/gcc/avr/13.2.0/../../../../avr/lib/avr5/libm.a(fp_split3.o)
 .bss           0x0080010a        0x0 /usr/lib/gcc/avr/13.2.0/../../../../avr/lib/avr5/libm.a(fp_zero.o)
 .bss           0x0080010a        0x0 /usr/lib/gcc/avr/13.2.0/avr5/libgcc.a(_exit.o)
 .bss           0x0080010a        0x0 /usr/lib/gcc/avr/13.2.0/avr5/libgcc.a(_copy_data.o)
 .bss           0x0080010a        0x0 /usr/lib/gcc/avr/13.2.0/avr5/libgcc.a(_prologue.o)
 .bss           0x0080010a        0x0 /usr/lib/gcc/avr/13.2.0/avr5/libgcc.a(_epilogue.o)
 .bss           0x0080010a        0x0 /usr/lib/gcc/avr/13.2.0/../../../../avr/lib/avr5/libc.a(ftoa_engine.o)
 .bss           0x0080010a        0x0 /usr/lib/gcc/avr/13.2.0/../../../../avr/lib/avr5/libc.a(isspace.o)
 .bss           0x0080010a        0x0 /usr/lib/gcc/avr/13.2.0/../../../../avr/lib/avr5/libc.a(tolower.o)
 .bss           0x0080010a        0x0 /usr/lib/gcc/avr/13.2.0/../../../../avr/lib/avr5/libc.a(strchr_P.o)
 .bss           0x0080010a        0x0 /usr/lib/gcc/avr/13.2.0/../../../../avr/lib/avr5/libc.a(strnlen_P.o)
 .bss           0x0080010a        0x0 /usr/lib/gcc/avr/13.2.0/../../../../avr/lib/avr5/libc.a(strnlen.o)
 .bss           0x0080010a        0x0 /usr/lib/gcc/avr/13.2.0/../../../../avr/lib/avr5/libc.a(fgetc.o)
 .bss           0x0080010a        0x0 /usr/lib/gcc/avr/13.2.0/../../../../avr/lib/avr5/libc.a(fputc.o)
 .bss           0x0080010a        0x0 /usr/lib/gcc/avr/13.2.0/../../../../avr/lib/avr5/libc.a(ungetc.o)
 .bss           0x0080010a        0x0 /usr/lib/gcc/avr/13.2.0/../../../../avr/lib/avr5/libc.a(ultoa_invert.o)
 .bss           0x0080010a        0x0 /usr/lib/gcc/avr/13.2.0/../../../../avr/lib/avr5/libc.a(cty_isfalse.o)
 *(.bss*)
 *(COMMON)
                [!provide]                        PROVIDE (__bss_end = .)
                0x000017b6                        __data_load_start = LOADADDR (.data)
                0x000017c0                        __data_load_end = (__data_load_start + SIZEOF (.data))

.noinit         0x0080010a        0x0
                [!provide]                        PROVIDE (__noinit_start = .)
 *(.noinit .noinit.* .gnu.linkonce.n.*)
                [!provide]                        PROVIDE (__noinit_end = .)
                0x0080010a                        _end = .
                [!provide]                        PROVIDE (__heap_start = .)

.eeprom         0x00810000        0x0
 *(.eeprom*)
                0x00810000                        __eeprom_end = .

.fuse
 *(.fuse)
 *(.lfuse)
 *(.hfuse)
 *(.efuse)

.lock
 *(.lock*)

.signature
 *(.signature*)

.stab
 *(.stab)

.stabstr
 *(.stabstr)

.stab.excl
 *(.stab.excl)

.stab.exclstr
 *(.stab.exclstr)

.stab.index
 *(.stab.index)

.stab.indexstr
 *(.stab.indexstr)

.comment        0x00000000       0x12
 *(.comment)
 .comment       0x00000000       0x12 zad3.o
                                 0x13 (size before relaxing)
 .comment       0x00000012       0x13 /usr/lib/gcc/avr/13.2.0/../../../../avr/lib/avr5/libprintf_flt.a(vfprintf_flt.o)
 .comment       0x00000012       0x13 /usr/lib/gcc/avr/13.2.0/../../../../avr/lib/avr5/libscanf_flt.a(vfscanf_flt.o)
 .comment       0x00000012       0x13 /usr/lib/gcc/avr/13.2.0/../../../../avr/lib/avr5/libc.a(fgetc.o)
 .comment       0x00000012       0x13 /usr/lib/gcc/avr/13.2.0/../../../../avr/lib/avr5/libc.a(fputc.o)
 .comment       0x00000012       0x13 /usr/lib/gcc/avr/13.2.0/../../../../avr/lib/avr5/libc.a(ungetc.o)

.note.gnu.avr.deviceinfo
                0x00000000       0x40
 .note.gnu.avr.deviceinfo
                0x00000000       0x40 /usr/lib/gcc/avr/13.2.0/../../../../avr/lib/avr5/crtatmega328p.o

.gnu.build.attributes
 *(.gnu.build.attributes .gnu.build.attributes.*)

.note.gnu.build-id
 *(.note.gnu.build-id)

.debug
 *(.debug)

.line
 *(.line)

.debug_srcinfo
 *(.debug_srcinfo)

.debug_sfnames
 *(.debug_sfnames)

.debug_aranges  0x00000000       0x20
 *(.debug_aranges)
 .debug_aranges
                0x00000000       0x20 zad3.o

.debug_pubnames
 *(.debug_pubnames)

.debug_info     0x00000000      0x795
 *(.debug_info .gnu.linkonce.wi.*)
 .debug_info    0x00000000      0x5f4 /usr/lib/gcc/avr/13.2.0/../../../../avr/lib/avr5/crtatmega328p.o
 .debug_info    0x000005f4      0x1a1 zad3.o

.debug_abbrev   0x00000000      0x6fa
 *(.debug_abbrev)
 .debug_abbrev  0x00000000      0x5a2 /usr/lib/gcc/avr/13.2.0/../../../../avr/lib/avr5/crtatmega328p.o
 .debug_abbrev  0x000005a2      0x158 zad3.o

.debug_line     0x00000000      0x13f
 *(.debug_line .debug_line.* .debug_line_end)
 .debug_line    0x00000000       0x1d /usr/lib/gcc/avr/13.2.0/../../../../avr/lib/avr5/crtatmega328p.o
 .debug_line    0x0000001d      0x122 zad3.o

.debug_frame    0x00000000       0x24
 *(.debug_frame)
 .debug_frame   0x00000000       0x24 zad3.o

.debug_str      0x00000000      0x30c
 *(.debug_str)
 .debug_str     0x00000000      0x208 /usr/lib/gcc/avr/13.2.0/../../../../avr/lib/avr5/crtatmega328p.o
 .debug_str     0x00000208      0x104 zad3.o
                                0x144 (size before relaxing)

.debug_loc
 *(.debug_loc)

.debug_macinfo
 *(.debug_macinfo)

.debug_weaknames
 *(.debug_weaknames)

.debug_funcnames
 *(.debug_funcnames)

.debug_typenames
 *(.debug_typenames)

.debug_varnames
 *(.debug_varnames)

.debug_pubtypes
 *(.debug_pubtypes)

.debug_ranges
 *(.debug_ranges)

.debug_addr
 *(.debug_addr)

.debug_line_str
                0x00000000       0x69
 *(.debug_line_str)
 .debug_line_str
                0x00000000       0x69 zad3.o
                                 0x9a (size before relaxing)

.debug_loclists
                0x00000000       0x58
 *(.debug_loclists)
 .debug_loclists
                0x00000000       0x58 zad3.o

.debug_macro
 *(.debug_macro)

.debug_names
 *(.debug_names)

.debug_rnglists
                0x00000000       0x13
 *(.debug_rnglists)
 .debug_rnglists
                0x00000000       0x13 zad3.o

.debug_str_offsets
 *(.debug_str_offsets)

.debug_sup
 *(.debug_sup)
OUTPUT(zad3.elf elf32-avr)
LOAD linker stubs
