Archive member included to satisfy reference by file (symbol)

/usr/lib/gcc/avr/13.2.0/../../../../avr/lib/avr5/libprintf_flt.a(vfprintf_flt.o)
                              (vfprintf)
/usr/lib/gcc/avr/13.2.0/../../../../avr/lib/avr5/libscanf_flt.a(vfscanf_flt.o)
                              (vfscanf)
/usr/lib/gcc/avr/13.2.0/../../../../avr/lib/avr5/libm.a(addsf3.o)
                              zad4.o (__addsf3)
/usr/lib/gcc/avr/13.2.0/../../../../avr/lib/avr5/libm.a(addsf3x.o)
                              /usr/lib/gcc/avr/13.2.0/../../../../avr/lib/avr5/libm.a(addsf3.o) (__addsf3x)
/usr/lib/gcc/avr/13.2.0/../../../../avr/lib/avr5/libm.a(divsf3.o)
                              zad4.o (__divsf3)
/usr/lib/gcc/avr/13.2.0/../../../../avr/lib/avr5/libm.a(divsf3x.o)
                              /usr/lib/gcc/avr/13.2.0/../../../../avr/lib/avr5/libm.a(divsf3.o) (__divsf3x)
/usr/lib/gcc/avr/13.2.0/../../../../avr/lib/avr5/libm.a(floatsisf.o)
                              /usr/lib/gcc/avr/13.2.0/../../../../avr/lib/avr5/libscanf_flt.a(vfscanf_flt.o) (__floatunsisf)
/usr/lib/gcc/avr/13.2.0/../../../../avr/lib/avr5/libm.a(fp_inf.o)
                              /usr/lib/gcc/avr/13.2.0/../../../../avr/lib/avr5/libm.a(addsf3x.o) (__fp_inf)
/usr/lib/gcc/avr/13.2.0/../../../../avr/lib/avr5/libm.a(fp_nan.o)
                              /usr/lib/gcc/avr/13.2.0/../../../../avr/lib/avr5/libm.a(addsf3x.o) (__fp_nan)
/usr/lib/gcc/avr/13.2.0/../../../../avr/lib/avr5/libm.a(fp_pscA.o)
                              /usr/lib/gcc/avr/13.2.0/../../../../avr/lib/avr5/libm.a(addsf3x.o) (__fp_pscA)
/usr/lib/gcc/avr/13.2.0/../../../../avr/lib/avr5/libm.a(fp_pscB.o)
                              /usr/lib/gcc/avr/13.2.0/../../../../avr/lib/avr5/libm.a(addsf3x.o) (__fp_pscB)
/usr/lib/gcc/avr/13.2.0/../../../../avr/lib/avr5/libm.a(fp_round.o)
                              /usr/lib/gcc/avr/13.2.0/../../../../avr/lib/avr5/libm.a(addsf3.o) (__fp_round)
/usr/lib/gcc/avr/13.2.0/../../../../avr/lib/avr5/libm.a(fp_split3.o)
                              /usr/lib/gcc/avr/13.2.0/../../../../avr/lib/avr5/libm.a(addsf3x.o) (__fp_split3)
/usr/lib/gcc/avr/13.2.0/../../../../avr/lib/avr5/libm.a(fp_zero.o)
                              /usr/lib/gcc/avr/13.2.0/../../../../avr/lib/avr5/libm.a(addsf3x.o) (__fp_zero)
/usr/lib/gcc/avr/13.2.0/../../../../avr/lib/avr5/libm.a(mulsf3.o)
                              zad4.o (__mulsf3)
/usr/lib/gcc/avr/13.2.0/../../../../avr/lib/avr5/libm.a(mulsf3x.o)
                              /usr/lib/gcc/avr/13.2.0/../../../../avr/lib/avr5/libm.a(mulsf3.o) (__mulsf3x)
/usr/lib/gcc/avr/13.2.0/avr5/libgcc.a(_mulsi3.o)
                              zad4.o (__mulsi3)
/usr/lib/gcc/avr/13.2.0/avr5/libgcc.a(_divmodhi4.o)
                              zad4.o (__divmodhi4)
/usr/lib/gcc/avr/13.2.0/avr5/libgcc.a(_divmodsi4.o)
                              zad4.o (__divmodsi4)
/usr/lib/gcc/avr/13.2.0/avr5/libgcc.a(_negsi2.o)
                              /usr/lib/gcc/avr/13.2.0/avr5/libgcc.a(_divmodsi4.o) (__negsi2)
/usr/lib/gcc/avr/13.2.0/avr5/libgcc.a(_exit.o)
                              /usr/lib/gcc/avr/13.2.0/../../../../avr/lib/avr5/crtatmega328p.o (exit)
/usr/lib/gcc/avr/13.2.0/avr5/libgcc.a(_copy_data.o)
                              zad4.o (__do_copy_data)
/usr/lib/gcc/avr/13.2.0/avr5/libgcc.a(_clear_bss.o)
                              zad4.o (__do_clear_bss)
/usr/lib/gcc/avr/13.2.0/avr5/libgcc.a(_muluhisi3.o)
                              /usr/lib/gcc/avr/13.2.0/avr5/libgcc.a(_mulsi3.o) (__muluhisi3)
/usr/lib/gcc/avr/13.2.0/avr5/libgcc.a(_muldi3.o)
                              zad4.o (__muldi3)
/usr/lib/gcc/avr/13.2.0/avr5/libgcc.a(_muldi3_6.o)
                              /usr/lib/gcc/avr/13.2.0/avr5/libgcc.a(_muldi3.o) (__muldi3_6)
/usr/lib/gcc/avr/13.2.0/avr5/libgcc.a(_divdi3.o)
                              zad4.o (__divdi3)
/usr/lib/gcc/avr/13.2.0/avr5/libgcc.a(_udivdi3.o)
                              /usr/lib/gcc/avr/13.2.0/avr5/libgcc.a(_divdi3.o) (__udivdi3_umoddi3)
/usr/lib/gcc/avr/13.2.0/avr5/libgcc.a(_udivmod64.o)
                              /usr/lib/gcc/avr/13.2.0/avr5/libgcc.a(_divdi3.o) (__udivmod64)
/usr/lib/gcc/avr/13.2.0/avr5/libgcc.a(_negdi2.o)
                              /usr/lib/gcc/avr/13.2.0/avr5/libgcc.a(_divdi3.o) (__negdi2)
/usr/lib/gcc/avr/13.2.0/avr5/libgcc.a(_prologue.o)
                              /usr/lib/gcc/avr/13.2.0/../../../../avr/lib/avr5/libprintf_flt.a(vfprintf_flt.o) (__prologue_saves__)
/usr/lib/gcc/avr/13.2.0/avr5/libgcc.a(_epilogue.o)
                              /usr/lib/gcc/avr/13.2.0/../../../../avr/lib/avr5/libprintf_flt.a(vfprintf_flt.o) (__epilogue_restores__)
/usr/lib/gcc/avr/13.2.0/avr5/libgcc.a(_ashldi3.o)
                              zad4.o (__ashldi3)
/usr/lib/gcc/avr/13.2.0/avr5/libgcc.a(_ashrdi3.o)
                              zad4.o (__ashrdi3)
/usr/lib/gcc/avr/13.2.0/avr5/libgcc.a(_adddi3.o)
                              zad4.o (__adddi3)
/usr/lib/gcc/avr/13.2.0/avr5/libgcc.a(_udivmodhi4.o)
                              /usr/lib/gcc/avr/13.2.0/avr5/libgcc.a(_divmodhi4.o) (__udivmodhi4)
/usr/lib/gcc/avr/13.2.0/avr5/libgcc.a(_udivmodsi4.o)
                              /usr/lib/gcc/avr/13.2.0/avr5/libgcc.a(_divmodsi4.o) (__udivmodsi4)
/usr/lib/gcc/avr/13.2.0/avr5/libgcc.a(_umulhisi3.o)
                              /usr/lib/gcc/avr/13.2.0/avr5/libgcc.a(_muluhisi3.o) (__umulhisi3)
/usr/lib/gcc/avr/13.2.0/../../../../avr/lib/avr5/libc.a(ftoa_engine.o)
                              /usr/lib/gcc/avr/13.2.0/../../../../avr/lib/avr5/libprintf_flt.a(vfprintf_flt.o) (__ftoa_engine)
/usr/lib/gcc/avr/13.2.0/../../../../avr/lib/avr5/libc.a(isspace.o)
                              /usr/lib/gcc/avr/13.2.0/../../../../avr/lib/avr5/libscanf_flt.a(vfscanf_flt.o) (isspace)
/usr/lib/gcc/avr/13.2.0/../../../../avr/lib/avr5/libc.a(tolower.o)
                              /usr/lib/gcc/avr/13.2.0/../../../../avr/lib/avr5/libscanf_flt.a(vfscanf_flt.o) (tolower)
/usr/lib/gcc/avr/13.2.0/../../../../avr/lib/avr5/libc.a(strchr_P.o)
                              /usr/lib/gcc/avr/13.2.0/../../../../avr/lib/avr5/libscanf_flt.a(vfscanf_flt.o) (strchr_P)
/usr/lib/gcc/avr/13.2.0/../../../../avr/lib/avr5/libc.a(strnlen_P.o)
                              /usr/lib/gcc/avr/13.2.0/../../../../avr/lib/avr5/libprintf_flt.a(vfprintf_flt.o) (strnlen_P)
/usr/lib/gcc/avr/13.2.0/../../../../avr/lib/avr5/libc.a(strnlen.o)
                              /usr/lib/gcc/avr/13.2.0/../../../../avr/lib/avr5/libprintf_flt.a(vfprintf_flt.o) (strnlen)
/usr/lib/gcc/avr/13.2.0/../../../../avr/lib/avr5/libc.a(fgetc.o)
                              /usr/lib/gcc/avr/13.2.0/../../../../avr/lib/avr5/libscanf_flt.a(vfscanf_flt.o) (fgetc)
/usr/lib/gcc/avr/13.2.0/../../../../avr/lib/avr5/libc.a(fputc.o)
                              /usr/lib/gcc/avr/13.2.0/../../../../avr/lib/avr5/libprintf_flt.a(vfprintf_flt.o) (fputc)
/usr/lib/gcc/avr/13.2.0/../../../../avr/lib/avr5/libc.a(iob.o)
                              zad4.o (__iob)
/usr/lib/gcc/avr/13.2.0/../../../../avr/lib/avr5/libc.a(printf.o)
                              zad4.o (printf)
/usr/lib/gcc/avr/13.2.0/../../../../avr/lib/avr5/libc.a(scanf.o)
                              zad4.o (scanf)
/usr/lib/gcc/avr/13.2.0/../../../../avr/lib/avr5/libc.a(ungetc.o)
                              /usr/lib/gcc/avr/13.2.0/../../../../avr/lib/avr5/libscanf_flt.a(vfscanf_flt.o) (ungetc)
/usr/lib/gcc/avr/13.2.0/../../../../avr/lib/avr5/libc.a(ultoa_invert.o)
                              /usr/lib/gcc/avr/13.2.0/../../../../avr/lib/avr5/libprintf_flt.a(vfprintf_flt.o) (__ultoa_invert)
/usr/lib/gcc/avr/13.2.0/../../../../avr/lib/avr5/libc.a(cty_isfalse.o)
                              /usr/lib/gcc/avr/13.2.0/../../../../avr/lib/avr5/libc.a(isspace.o) (__ctype_isfalse)

There are no discarded input sections

Memory Configuration

Name             Origin             Length             Attributes
text             0x00000000         0x00020000         xr
data             0x00800060         0x0000ffa0         rw!x
eeprom           0x00810000         0x00010000         rw!x
fuse             0x00820000         0x00000003         rw!x
lock             0x00830000         0x00000400         rw!x
signature        0x00840000         0x00000400         rw!x
user_signatures  0x00850000         0x00000400         rw!x
*default*        0x00000000         0xffffffff

Linker script and memory map

Address of section .data set to 0x800100
LOAD /usr/lib/gcc/avr/13.2.0/../../../../avr/lib/avr5/crtatmega328p.o
LOAD zad4.o
LOAD /usr/lib/gcc/avr/13.2.0/../../../../avr/lib/avr5/libprintf_flt.a
LOAD /usr/lib/gcc/avr/13.2.0/../../../../avr/lib/avr5/libscanf_flt.a
LOAD /usr/lib/gcc/avr/13.2.0/../../../../avr/lib/avr5/libm.a
START GROUP
LOAD /usr/lib/gcc/avr/13.2.0/avr5/libgcc.a
LOAD /usr/lib/gcc/avr/13.2.0/../../../../avr/lib/avr5/libm.a
LOAD /usr/lib/gcc/avr/13.2.0/../../../../avr/lib/avr5/libc.a
LOAD /usr/lib/gcc/avr/13.2.0/../../../../avr/lib/avr5/libatmega328p.a
END GROUP
                0x00020000                        __TEXT_REGION_LENGTH__ = DEFINED (__TEXT_REGION_LENGTH__)?__TEXT_REGION_LENGTH__:0x20000
                0x00800060                        __DATA_REGION_ORIGIN__ = DEFINED (__DATA_REGION_ORIGIN__)?__DATA_REGION_ORIGIN__:0x800060
                0x0000ffa0                        __DATA_REGION_LENGTH__ = DEFINED (__DATA_REGION_LENGTH__)?__DATA_REGION_LENGTH__:0xffa0
                0x00010000                        __EEPROM_REGION_LENGTH__ = DEFINED (__EEPROM_REGION_LENGTH__)?__EEPROM_REGION_LENGTH__:0x10000
                [0x00000003]                      __FUSE_REGION_LENGTH__ = DEFINED (__FUSE_REGION_LENGTH__)?__FUSE_REGION_LENGTH__:0x400
                0x00000400                        __LOCK_REGION_LENGTH__ = DEFINED (__LOCK_REGION_LENGTH__)?__LOCK_REGION_LENGTH__:0x400
                0x00000400                        __SIGNATURE_REGION_LENGTH__ = DEFINED (__SIGNATURE_REGION_LENGTH__)?__SIGNATURE_REGION_LENGTH__:0x400
                0x00000400                        __USER_SIGNATURE_REGION_LENGTH__ = DEFINED (__USER_SIGNATURE_REGION_LENGTH__)?__USER_SIGNATURE_REGION_LENGTH__:0x400

.hash
 *(.hash)

.dynsym
 *(.dynsym)

.dynstr
 *(.dynstr)

.gnu.version
 *(.gnu.version)

.gnu.version_d
 *(.gnu.version_d)

.gnu.version_r
 *(.gnu.version_r)

.rel.init
 *(.rel.init)

.rela.init
 *(.rela.init)

.rel.text
 *(.rel.text)
 *(.rel.text.*)
 *(.rel.gnu.linkonce.t*)

.rela.text
 *(.rela.text)
 *(.rela.text.*)
 *(.rela.gnu.linkonce.t*)

.rel.fini
 *(.rel.fini)

.rela.fini
 *(.rela.fini)

.rel.rodata
 *(.rel.rodata)
 *(.rel.rodata.*)
 *(.rel.gnu.linkonce.r*)

.rela.rodata
 *(.rela.rodata)
 *(.rela.rodata.*)
 *(.rela.gnu.linkonce.r*)

.rel.data
 *(.rel.data)
 *(.rel.data.*)
 *(.rel.gnu.linkonce.d*)

.rela.data
 *(.rela.data)
 *(.rela.data.*)
 *(.rela.gnu.linkonce.d*)

.rel.ctors
 *(.rel.ctors)

.rela.ctors
 *(.rela.ctors)

.rel.dtors
 *(.rel.dtors)

.rela.dtors
 *(.rela.dtors)

.rel.got
 *(.rel.got)

.rela.got
 *(.rela.got)

.rel.bss
 *(.rel.bss)

.rela.bss
 *(.rela.bss)

.rel.plt
 *(.rel.plt)

.rela.plt
 *(.rela.plt)

.text           0x00000000     0x2472
 *(.vectors)
 .vectors       0x00000000       0x68 /usr/lib/gcc/avr/13.2.0/../../../../avr/lib/avr5/crtatmega328p.o
                0x00000000                __vectors
                0x00000000                __vector_default
 *(.vectors)
 *(.progmem.gcc*)
                0x00000068                        . = ALIGN (0x2)
                0x00000068                        __trampolines_start = .
 *(.trampolines)
 .trampolines   0x00000068        0x0 linker stubs
 *(.trampolines*)
                0x00000068                        __trampolines_end = .
 *libprintf_flt.a:*(.progmem.data)
 .progmem.data  0x00000068        0x8 /usr/lib/gcc/avr/13.2.0/../../../../avr/lib/avr5/libprintf_flt.a(vfprintf_flt.o)
 *libc.a:*(.progmem.data)
 .progmem.data  0x00000070       0xfa /usr/lib/gcc/avr/13.2.0/../../../../avr/lib/avr5/libc.a(ftoa_engine.o)
 *(.progmem.*)
 .progmem.data  0x0000016a       0x4d /usr/lib/gcc/avr/13.2.0/../../../../avr/lib/avr5/libscanf_flt.a(vfscanf_flt.o)
                0x000001b8                        . = ALIGN (0x2)
 *fill*         0x000001b7        0x1 
 *(.lowtext)
 *(.lowtext*)
                0x000001b8                        __ctors_start = .
 *(.ctors)
                0x000001b8                        __ctors_end = .
                0x000001b8                        __dtors_start = .
 *(.dtors)
                0x000001b8                        __dtors_end = .
 SORT_BY_NAME(*)(.ctors)
 SORT_BY_NAME(*)(.dtors)
 *(.init0)
 .init0         0x000001b8        0x0 /usr/lib/gcc/avr/13.2.0/../../../../avr/lib/avr5/crtatmega328p.o
                0x000001b8                __init
 *(.init0)
 *(.init1)
 *(.init1)
 *(.init2)
 .init2         0x000001b8        0xc /usr/lib/gcc/avr/13.2.0/../../../../avr/lib/avr5/crtatmega328p.o
 *(.init2)
 *(.init3)
 *(.init3)
 *(.init4)
 .init4         0x000001c4       0x16 /usr/lib/gcc/avr/13.2.0/avr5/libgcc.a(_copy_data.o)
                0x000001c4                __do_copy_data
 .init4         0x000001da       0x10 /usr/lib/gcc/avr/13.2.0/avr5/libgcc.a(_clear_bss.o)
                0x000001da                __do_clear_bss
 *(.init4)
 *(.init5)
 *(.init5)
 *(.init6)
 *(.init6)
 *(.init7)
 *(.init7)
 *(.init8)
 *(.init8)
 *(.init9)
 .init9         0x000001ea        0x8 /usr/lib/gcc/avr/13.2.0/../../../../avr/lib/avr5/crtatmega328p.o
 *(.init9)
 *(.text)
 .text          0x000001f2        0x4 /usr/lib/gcc/avr/13.2.0/../../../../avr/lib/avr5/crtatmega328p.o
                0x000001f2                __vector_22
                0x000001f2                __vector_1
                0x000001f2                __vector_24
                0x000001f2                __vector_12
                0x000001f2                __bad_interrupt
                0x000001f2                __vector_6
                0x000001f2                __vector_3
                0x000001f2                __vector_23
                0x000001f2                __vector_25
                0x000001f2                __vector_11
                0x000001f2                __vector_13
                0x000001f2                __vector_17
                0x000001f2                __vector_19
                0x000001f2                __vector_7
                0x000001f2                __vector_5
                0x000001f2                __vector_4
                0x000001f2                __vector_9
                0x000001f2                __vector_2
                0x000001f2                __vector_21
                0x000001f2                __vector_15
                0x000001f2                __vector_8
                0x000001f2                __vector_14
                0x000001f2                __vector_10
                0x000001f2                __vector_16
                0x000001f2                __vector_18
                0x000001f2                __vector_20
 .text          0x000001f6       0x40 zad4.o
                0x000001f6                uart_transmit
                0x00000208                uart_receive
                0x00000218                uart_init
 .text          0x00000236        0x0 /usr/lib/gcc/avr/13.2.0/../../../../avr/lib/avr5/libprintf_flt.a(vfprintf_flt.o)
 .text          0x00000236        0x0 /usr/lib/gcc/avr/13.2.0/../../../../avr/lib/avr5/libscanf_flt.a(vfscanf_flt.o)
 .text          0x00000236        0x0 /usr/lib/gcc/avr/13.2.0/../../../../avr/lib/avr5/libm.a(addsf3.o)
 .text          0x00000236        0x0 /usr/lib/gcc/avr/13.2.0/../../../../avr/lib/avr5/libm.a(addsf3x.o)
 .text          0x00000236        0x0 /usr/lib/gcc/avr/13.2.0/../../../../avr/lib/avr5/libm.a(divsf3.o)
 .text          0x00000236        0x0 /usr/lib/gcc/avr/13.2.0/../../../../avr/lib/avr5/libm.a(divsf3x.o)
 .text          0x00000236        0x0 /usr/lib/gcc/avr/13.2.0/../../../../avr/lib/avr5/libm.a(floatsisf.o)
 .text          0x00000236        0x0 /usr/lib/gcc/avr/13.2.0/../../../../avr/lib/avr5/libm.a(fp_inf.o)
 .text          0x00000236        0x0 /usr/lib/gcc/avr/13.2.0/../../../../avr/lib/avr5/libm.a(fp_nan.o)
 .text          0x00000236        0x0 /usr/lib/gcc/avr/13.2.0/../../../../avr/lib/avr5/libm.a(fp_pscA.o)
 .text          0x00000236        0x0 /usr/lib/gcc/avr/13.2.0/../../../../avr/lib/avr5/libm.a(fp_pscB.o)
 .text          0x00000236        0x0 /usr/lib/gcc/avr/13.2.0/../../../../avr/lib/avr5/libm.a(fp_round.o)
 .text          0x00000236        0x0 /usr/lib/gcc/avr/13.2.0/../../../../avr/lib/avr5/libm.a(fp_split3.o)
 .text          0x00000236        0x0 /usr/lib/gcc/avr/13.2.0/../../../../avr/lib/avr5/libm.a(fp_zero.o)
 .text          0x00000236        0x0 /usr/lib/gcc/avr/13.2.0/../../../../avr/lib/avr5/libm.a(mulsf3.o)
 .text          0x00000236        0x0 /usr/lib/gcc/avr/13.2.0/../../../../avr/lib/avr5/libm.a(mulsf3x.o)
 .text          0x00000236        0x0 /usr/lib/gcc/avr/13.2.0/avr5/libgcc.a(_mulsi3.o)
 .text          0x00000236        0x0 /usr/lib/gcc/avr/13.2.0/avr5/libgcc.a(_divmodhi4.o)
 .text          0x00000236        0x0 /usr/lib/gcc/avr/13.2.0/avr5/libgcc.a(_divmodsi4.o)
 .text          0x00000236        0x0 /usr/lib/gcc/avr/13.2.0/avr5/libgcc.a(_negsi2.o)
 .text          0x00000236        0x0 /usr/lib/gcc/avr/13.2.0/avr5/libgcc.a(_exit.o)
 .text          0x00000236        0x0 /usr/lib/gcc/avr/13.2.0/avr5/libgcc.a(_copy_data.o)
 .text          0x00000236        0x0 /usr/lib/gcc/avr/13.2.0/avr5/libgcc.a(_clear_bss.o)
 .text          0x00000236        0x0 /usr/lib/gcc/avr/13.2.0/avr5/libgcc.a(_muluhisi3.o)
 .text          0x00000236        0x0 /usr/lib/gcc/avr/13.2.0/avr5/libgcc.a(_muldi3.o)
 .text          0x00000236        0x0 /usr/lib/gcc/avr/13.2.0/avr5/libgcc.a(_muldi3_6.o)
 .text          0x00000236        0x0 /usr/lib/gcc/avr/13.2.0/avr5/libgcc.a(_divdi3.o)
 .text          0x00000236        0x0 /usr/lib/gcc/avr/13.2.0/avr5/libgcc.a(_udivdi3.o)
 .text          0x00000236        0x0 /usr/lib/gcc/avr/13.2.0/avr5/libgcc.a(_udivmod64.o)
 .text          0x00000236        0x0 /usr/lib/gcc/avr/13.2.0/avr5/libgcc.a(_negdi2.o)
 .text          0x00000236        0x0 /usr/lib/gcc/avr/13.2.0/avr5/libgcc.a(_prologue.o)
 .text          0x00000236        0x0 /usr/lib/gcc/avr/13.2.0/avr5/libgcc.a(_epilogue.o)
 .text          0x00000236        0x0 /usr/lib/gcc/avr/13.2.0/avr5/libgcc.a(_ashldi3.o)
 .text          0x00000236        0x0 /usr/lib/gcc/avr/13.2.0/avr5/libgcc.a(_ashrdi3.o)
 .text          0x00000236        0x0 /usr/lib/gcc/avr/13.2.0/avr5/libgcc.a(_adddi3.o)
 .text          0x00000236        0x0 /usr/lib/gcc/avr/13.2.0/avr5/libgcc.a(_udivmodhi4.o)
 .text          0x00000236        0x0 /usr/lib/gcc/avr/13.2.0/avr5/libgcc.a(_udivmodsi4.o)
 .text          0x00000236        0x0 /usr/lib/gcc/avr/13.2.0/avr5/libgcc.a(_umulhisi3.o)
 .text          0x00000236        0x0 /usr/lib/gcc/avr/13.2.0/../../../../avr/lib/avr5/libc.a(ftoa_engine.o)
 .text          0x00000236        0x0 /usr/lib/gcc/avr/13.2.0/../../../../avr/lib/avr5/libc.a(isspace.o)
 .text          0x00000236        0x0 /usr/lib/gcc/avr/13.2.0/../../../../avr/lib/avr5/libc.a(tolower.o)
 .text          0x00000236        0x0 /usr/lib/gcc/avr/13.2.0/../../../../avr/lib/avr5/libc.a(strchr_P.o)
 .text          0x00000236        0x0 /usr/lib/gcc/avr/13.2.0/../../../../avr/lib/avr5/libc.a(strnlen_P.o)
 .text          0x00000236        0x0 /usr/lib/gcc/avr/13.2.0/../../../../avr/lib/avr5/libc.a(strnlen.o)
 .text          0x00000236        0x0 /usr/lib/gcc/avr/13.2.0/../../../../avr/lib/avr5/libc.a(fgetc.o)
 .text          0x00000236        0x0 /usr/lib/gcc/avr/13.2.0/../../../../avr/lib/avr5/libc.a(fputc.o)
 .text          0x00000236        0x0 /usr/lib/gcc/avr/13.2.0/../../../../avr/lib/avr5/libc.a(iob.o)
 .text          0x00000236        0x0 /usr/lib/gcc/avr/13.2.0/../../../../avr/lib/avr5/libc.a(printf.o)
 .text          0x00000236        0x0 /usr/lib/gcc/avr/13.2.0/../../../../avr/lib/avr5/libc.a(scanf.o)
 .text          0x00000236        0x0 /usr/lib/gcc/avr/13.2.0/../../../../avr/lib/avr5/libc.a(ungetc.o)
 .text          0x00000236        0x0 /usr/lib/gcc/avr/13.2.0/../../../../avr/lib/avr5/libc.a(ultoa_invert.o)
 .text          0x00000236        0x0 /usr/lib/gcc/avr/13.2.0/../../../../avr/lib/avr5/libc.a(cty_isfalse.o)
                0x00000236                        . = ALIGN (0x2)
 *(.text.*)
 .text.startup  0x00000236      0x708 zad4.o
                0x00000236                main
 .text.avr-libc
                0x0000093e      0x6f0 /usr/lib/gcc/avr/13.2.0/../../../../avr/lib/avr5/libprintf_flt.a(vfprintf_flt.o)
                0x0000093e                vfprintf
 .text.avr-libc
                0x0000102e      0x84e /usr/lib/gcc/avr/13.2.0/../../../../avr/lib/avr5/libscanf_flt.a(vfscanf_flt.o)
                0x00001650                vfscanf
 .text.avr-libc.fplib
                0x0000187c        0xe /usr/lib/gcc/avr/13.2.0/../../../../avr/lib/avr5/libm.a(addsf3.o)
                0x0000187c                __subsf3
                0x0000187e                __addsf3
 .text.avr-libc.fplib
                0x0000188a       0xcc /usr/lib/gcc/avr/13.2.0/../../../../avr/lib/avr5/libm.a(addsf3x.o)
                0x000018ac                __addsf3x
 .text.avr-libc.fplib
                0x00001956        0x8 /usr/lib/gcc/avr/13.2.0/../../../../avr/lib/avr5/libm.a(divsf3.o)
                0x00001956                __divsf3
 .text.avr-libc.fplib
                0x0000195e       0xdc /usr/lib/gcc/avr/13.2.0/../../../../avr/lib/avr5/libm.a(divsf3x.o)
                0x0000197e                __divsf3x
                0x00001984                __divsf3_pse
 .text.avr-libc.fplib
                0x00001a3a       0x7a /usr/lib/gcc/avr/13.2.0/../../../../avr/lib/avr5/libm.a(floatsisf.o)
                0x00001a3a                __floatunsisf
                0x00001a3e                __floatsisf
 .text.avr-libc.fplib
                0x00001ab4        0xc /usr/lib/gcc/avr/13.2.0/../../../../avr/lib/avr5/libm.a(fp_inf.o)
                0x00001ab4                __fp_inf
 .text.avr-libc.fplib
                0x00001ac0        0x6 /usr/lib/gcc/avr/13.2.0/../../../../avr/lib/avr5/libm.a(fp_nan.o)
                0x00001ac0                __fp_nan
 .text.avr-libc.fplib
                0x00001ac6        0xe /usr/lib/gcc/avr/13.2.0/../../../../avr/lib/avr5/libm.a(fp_pscA.o)
                0x00001ac6                __fp_pscA
 .text.avr-libc.fplib
                0x00001ad4        0xe /usr/lib/gcc/avr/13.2.0/../../../../avr/lib/avr5/libm.a(fp_pscB.o)
                0x00001ad4                __fp_pscB
 .text.avr-libc.fplib
                0x00001ae2       0x22 /usr/lib/gcc/avr/13.2.0/../../../../avr/lib/avr5/libm.a(fp_round.o)
                0x00001ae2                __fp_round
 .text.avr-libc.fplib
                0x00001b04       0x44 /usr/lib/gcc/avr/13.2.0/../../../../avr/lib/avr5/libm.a(fp_split3.o)
                0x00001b04                __fp_split3
                0x00001b14                __fp_splitA
 .text.avr-libc.fplib
                0x00001b48        0xe /usr/lib/gcc/avr/13.2.0/../../../../avr/lib/avr5/libm.a(fp_zero.o)
                0x00001b48                __fp_zero
                0x00001b4a                __fp_szero
 .text.avr-libc.fplib
                0x00001b56        0x8 /usr/lib/gcc/avr/13.2.0/../../../../avr/lib/avr5/libm.a(mulsf3.o)
                0x00001b56                __mulsf3
 .text.avr-libc.fplib
                0x00001b5e       0xd2 /usr/lib/gcc/avr/13.2.0/../../../../avr/lib/avr5/libm.a(mulsf3x.o)
                0x00001b7c                __mulsf3x
                0x00001b82                __mulsf3_pse
 .text.libgcc.mul
                0x00001c30       0x20 /usr/lib/gcc/avr/13.2.0/avr5/libgcc.a(_mulsi3.o)
                0x00001c30                __mulsi3
 .text.libgcc.div
                0x00001c50        0x0 /usr/lib/gcc/avr/13.2.0/avr5/libgcc.a(_mulsi3.o)
 .text.libgcc   0x00001c50        0x0 /usr/lib/gcc/avr/13.2.0/avr5/libgcc.a(_mulsi3.o)
 .text.libgcc.prologue
                0x00001c50        0x0 /usr/lib/gcc/avr/13.2.0/avr5/libgcc.a(_mulsi3.o)
 .text.libgcc.builtins
                0x00001c50        0x0 /usr/lib/gcc/avr/13.2.0/avr5/libgcc.a(_mulsi3.o)
 .text.libgcc.fmul
                0x00001c50        0x0 /usr/lib/gcc/avr/13.2.0/avr5/libgcc.a(_mulsi3.o)
 .text.libgcc.fixed
                0x00001c50        0x0 /usr/lib/gcc/avr/13.2.0/avr5/libgcc.a(_mulsi3.o)
 .text.libgcc.mul
                0x00001c50        0x0 /usr/lib/gcc/avr/13.2.0/avr5/libgcc.a(_divmodhi4.o)
 .text.libgcc.div
                0x00001c50       0x28 /usr/lib/gcc/avr/13.2.0/avr5/libgcc.a(_divmodhi4.o)
                0x00001c50                __divmodhi4
                0x00001c50                _div
 .text.libgcc   0x00001c78        0x0 /usr/lib/gcc/avr/13.2.0/avr5/libgcc.a(_divmodhi4.o)
 .text.libgcc.prologue
                0x00001c78        0x0 /usr/lib/gcc/avr/13.2.0/avr5/libgcc.a(_divmodhi4.o)
 .text.libgcc.builtins
                0x00001c78        0x0 /usr/lib/gcc/avr/13.2.0/avr5/libgcc.a(_divmodhi4.o)
 .text.libgcc.fmul
                0x00001c78        0x0 /usr/lib/gcc/avr/13.2.0/avr5/libgcc.a(_divmodhi4.o)
 .text.libgcc.fixed
                0x00001c78        0x0 /usr/lib/gcc/avr/13.2.0/avr5/libgcc.a(_divmodhi4.o)
 .text.libgcc.mul
                0x00001c78        0x0 /usr/lib/gcc/avr/13.2.0/avr5/libgcc.a(_divmodsi4.o)
 .text.libgcc.div
                0x00001c78       0x2e /usr/lib/gcc/avr/13.2.0/avr5/libgcc.a(_divmodsi4.o)
                0x00001c78                __divmodsi4
 .text.libgcc   0x00001ca6        0x0 /usr/lib/gcc/avr/13.2.0/avr5/libgcc.a(_divmodsi4.o)
 .text.libgcc.prologue
                0x00001ca6        0x0 /usr/lib/gcc/avr/13.2.0/avr5/libgcc.a(_divmodsi4.o)
 .text.libgcc.builtins
                0x00001ca6        0x0 /usr/lib/gcc/avr/13.2.0/avr5/libgcc.a(_divmodsi4.o)
 .text.libgcc.fmul
                0x00001ca6        0x0 /usr/lib/gcc/avr/13.2.0/avr5/libgcc.a(_divmodsi4.o)
 .text.libgcc.fixed
                0x00001ca6        0x0 /usr/lib/gcc/avr/13.2.0/avr5/libgcc.a(_divmodsi4.o)
 .text.libgcc.mul
                0x00001ca6        0x0 /usr/lib/gcc/avr/13.2.0/avr5/libgcc.a(_negsi2.o)
 .text.libgcc.div
                0x00001ca6       0x10 /usr/lib/gcc/avr/13.2.0/avr5/libgcc.a(_negsi2.o)
                0x00001ca6                __negsi2
 .text.libgcc   0x00001cb6        0x0 /usr/lib/gcc/avr/13.2.0/avr5/libgcc.a(_negsi2.o)
 .text.libgcc.prologue
                0x00001cb6        0x0 /usr/lib/gcc/avr/13.2.0/avr5/libgcc.a(_negsi2.o)
 .text.libgcc.builtins
                0x00001cb6        0x0 /usr/lib/gcc/avr/13.2.0/avr5/libgcc.a(_negsi2.o)
 .text.libgcc.fmul
                0x00001cb6        0x0 /usr/lib/gcc/avr/13.2.0/avr5/libgcc.a(_negsi2.o)
 .text.libgcc.fixed
                0x00001cb6        0x0 /usr/lib/gcc/avr/13.2.0/avr5/libgcc.a(_negsi2.o)
 .text.libgcc.mul
                0x00001cb6        0x0 /usr/lib/gcc/avr/13.2.0/avr5/libgcc.a(_exit.o)
 .text.libgcc.div
                0x00001cb6        0x0 /usr/lib/gcc/avr/13.2.0/avr5/libgcc.a(_exit.o)
 .text.libgcc   0x00001cb6        0x0 /usr/lib/gcc/avr/13.2.0/avr5/libgcc.a(_exit.o)
 .text.libgcc.prologue
                0x00001cb6        0x0 /usr/lib/gcc/avr/13.2.0/avr5/libgcc.a(_exit.o)
 .text.libgcc.builtins
                0x00001cb6        0x0 /usr/lib/gcc/avr/13.2.0/avr5/libgcc.a(_exit.o)
 .text.libgcc.fmul
                0x00001cb6        0x0 /usr/lib/gcc/avr/13.2.0/avr5/libgcc.a(_exit.o)
 .text.libgcc.fixed
                0x00001cb6        0x0 /usr/lib/gcc/avr/13.2.0/avr5/libgcc.a(_exit.o)
 .text.libgcc.mul
                0x00001cb6        0x0 /usr/lib/gcc/avr/13.2.0/avr5/libgcc.a(_copy_data.o)
 .text.libgcc.div
                0x00001cb6        0x0 /usr/lib/gcc/avr/13.2.0/avr5/libgcc.a(_copy_data.o)
 .text.libgcc   0x00001cb6        0x0 /usr/lib/gcc/avr/13.2.0/avr5/libgcc.a(_copy_data.o)
 .text.libgcc.prologue
                0x00001cb6        0x0 /usr/lib/gcc/avr/13.2.0/avr5/libgcc.a(_copy_data.o)
 .text.libgcc.builtins
                0x00001cb6        0x0 /usr/lib/gcc/avr/13.2.0/avr5/libgcc.a(_copy_data.o)
 .text.libgcc.fmul
                0x00001cb6        0x0 /usr/lib/gcc/avr/13.2.0/avr5/libgcc.a(_copy_data.o)
 .text.libgcc.fixed
                0x00001cb6        0x0 /usr/lib/gcc/avr/13.2.0/avr5/libgcc.a(_copy_data.o)
 .text.libgcc.mul
                0x00001cb6        0x0 /usr/lib/gcc/avr/13.2.0/avr5/libgcc.a(_clear_bss.o)
 .text.libgcc.div
                0x00001cb6        0x0 /usr/lib/gcc/avr/13.2.0/avr5/libgcc.a(_clear_bss.o)
 .text.libgcc   0x00001cb6        0x0 /usr/lib/gcc/avr/13.2.0/avr5/libgcc.a(_clear_bss.o)
 .text.libgcc.prologue
                0x00001cb6        0x0 /usr/lib/gcc/avr/13.2.0/avr5/libgcc.a(_clear_bss.o)
 .text.libgcc.builtins
                0x00001cb6        0x0 /usr/lib/gcc/avr/13.2.0/avr5/libgcc.a(_clear_bss.o)
 .text.libgcc.fmul
                0x00001cb6        0x0 /usr/lib/gcc/avr/13.2.0/avr5/libgcc.a(_clear_bss.o)
 .text.libgcc.fixed
                0x00001cb6        0x0 /usr/lib/gcc/avr/13.2.0/avr5/libgcc.a(_clear_bss.o)
 .text.libgcc.mul
                0x00001cb6       0x16 /usr/lib/gcc/avr/13.2.0/avr5/libgcc.a(_muluhisi3.o)
                0x00001cb6                __muluhisi3
 .text.libgcc.div
                0x00001ccc        0x0 /usr/lib/gcc/avr/13.2.0/avr5/libgcc.a(_muluhisi3.o)
 .text.libgcc   0x00001ccc        0x0 /usr/lib/gcc/avr/13.2.0/avr5/libgcc.a(_muluhisi3.o)
 .text.libgcc.prologue
                0x00001ccc        0x0 /usr/lib/gcc/avr/13.2.0/avr5/libgcc.a(_muluhisi3.o)
 .text.libgcc.builtins
                0x00001ccc        0x0 /usr/lib/gcc/avr/13.2.0/avr5/libgcc.a(_muluhisi3.o)
 .text.libgcc.fmul
                0x00001ccc        0x0 /usr/lib/gcc/avr/13.2.0/avr5/libgcc.a(_muluhisi3.o)
 .text.libgcc.fixed
                0x00001ccc        0x0 /usr/lib/gcc/avr/13.2.0/avr5/libgcc.a(_muluhisi3.o)
 .text.libgcc.mul
                0x00001ccc       0x9e /usr/lib/gcc/avr/13.2.0/avr5/libgcc.a(_muldi3.o)
                0x00001ccc                __muldi3
 .text.libgcc.div
                0x00001d6a        0x0 /usr/lib/gcc/avr/13.2.0/avr5/libgcc.a(_muldi3.o)
 .text.libgcc   0x00001d6a        0x0 /usr/lib/gcc/avr/13.2.0/avr5/libgcc.a(_muldi3.o)
 .text.libgcc.prologue
                0x00001d6a        0x0 /usr/lib/gcc/avr/13.2.0/avr5/libgcc.a(_muldi3.o)
 .text.libgcc.builtins
                0x00001d6a        0x0 /usr/lib/gcc/avr/13.2.0/avr5/libgcc.a(_muldi3.o)
 .text.libgcc.fmul
                0x00001d6a        0x0 /usr/lib/gcc/avr/13.2.0/avr5/libgcc.a(_muldi3.o)
 .text.libgcc.fixed
                0x00001d6a        0x0 /usr/lib/gcc/avr/13.2.0/avr5/libgcc.a(_muldi3.o)
 .text.libgcc.mul
                0x00001d6a       0x12 /usr/lib/gcc/avr/13.2.0/avr5/libgcc.a(_muldi3_6.o)
                0x00001d6a                __muldi3_6
 .text.libgcc.div
                0x00001d7c        0x0 /usr/lib/gcc/avr/13.2.0/avr5/libgcc.a(_muldi3_6.o)
 .text.libgcc   0x00001d7c        0x0 /usr/lib/gcc/avr/13.2.0/avr5/libgcc.a(_muldi3_6.o)
 .text.libgcc.prologue
                0x00001d7c        0x0 /usr/lib/gcc/avr/13.2.0/avr5/libgcc.a(_muldi3_6.o)
 .text.libgcc.builtins
                0x00001d7c        0x0 /usr/lib/gcc/avr/13.2.0/avr5/libgcc.a(_muldi3_6.o)
 .text.libgcc.fmul
                0x00001d7c        0x0 /usr/lib/gcc/avr/13.2.0/avr5/libgcc.a(_muldi3_6.o)
 .text.libgcc.fixed
                0x00001d7c        0x0 /usr/lib/gcc/avr/13.2.0/avr5/libgcc.a(_muldi3_6.o)
 .text.libgcc.mul
                0x00001d7c        0x0 /usr/lib/gcc/avr/13.2.0/avr5/libgcc.a(_divdi3.o)
 .text.libgcc.div
                0x00001d7c       0x62 /usr/lib/gcc/avr/13.2.0/avr5/libgcc.a(_divdi3.o)
                0x00001d7c                __moddi3
                0x00001d80                __divdi3
                0x00001d82                __divdi3_moddi3
 .text.libgcc   0x00001dde        0x0 /usr/lib/gcc/avr/13.2.0/avr5/libgcc.a(_divdi3.o)
 .text.libgcc.prologue
                0x00001dde        0x0 /usr/lib/gcc/avr/13.2.0/avr5/libgcc.a(_divdi3.o)
 .text.libgcc.builtins
                0x00001dde        0x0 /usr/lib/gcc/avr/13.2.0/avr5/libgcc.a(_divdi3.o)
 .text.libgcc.fmul
                0x00001dde        0x0 /usr/lib/gcc/avr/13.2.0/avr5/libgcc.a(_divdi3.o)
 .text.libgcc.fixed
                0x00001dde        0x0 /usr/lib/gcc/avr/13.2.0/avr5/libgcc.a(_divdi3.o)
 .text.libgcc.mul
                0x00001dde        0x0 /usr/lib/gcc/avr/13.2.0/avr5/libgcc.a(_udivdi3.o)
 .text.libgcc.div
                0x00001dde       0x1c /usr/lib/gcc/avr/13.2.0/avr5/libgcc.a(_udivdi3.o)
                0x00001dde                __umoddi3
                0x00001de2                __udivdi3
                0x00001de4                __udivdi3_umoddi3
 .text.libgcc   0x00001dfa        0x0 /usr/lib/gcc/avr/13.2.0/avr5/libgcc.a(_udivdi3.o)
 .text.libgcc.prologue
                0x00001dfa        0x0 /usr/lib/gcc/avr/13.2.0/avr5/libgcc.a(_udivdi3.o)
 .text.libgcc.builtins
                0x00001dfa        0x0 /usr/lib/gcc/avr/13.2.0/avr5/libgcc.a(_udivdi3.o)
 .text.libgcc.fmul
                0x00001dfa        0x0 /usr/lib/gcc/avr/13.2.0/avr5/libgcc.a(_udivdi3.o)
 .text.libgcc.fixed
                0x00001dfa        0x0 /usr/lib/gcc/avr/13.2.0/avr5/libgcc.a(_udivdi3.o)
 .text.libgcc.mul
                0x00001dfa        0x0 /usr/lib/gcc/avr/13.2.0/avr5/libgcc.a(_udivmod64.o)
 .text.libgcc.div
                0x00001dfa       0xa2 /usr/lib/gcc/avr/13.2.0/avr5/libgcc.a(_udivmod64.o)
                0x00001dfa                __udivmod64
 .text.libgcc   0x00001e9c        0x0 /usr/lib/gcc/avr/13.2.0/avr5/libgcc.a(_udivmod64.o)
 .text.libgcc.prologue
                0x00001e9c        0x0 /usr/lib/gcc/avr/13.2.0/avr5/libgcc.a(_udivmod64.o)
 .text.libgcc.builtins
                0x00001e9c        0x0 /usr/lib/gcc/avr/13.2.0/avr5/libgcc.a(_udivmod64.o)
 .text.libgcc.fmul
                0x00001e9c        0x0 /usr/lib/gcc/avr/13.2.0/avr5/libgcc.a(_udivmod64.o)
 .text.libgcc.fixed
                0x00001e9c        0x0 /usr/lib/gcc/avr/13.2.0/avr5/libgcc.a(_udivmod64.o)
 .text.libgcc.mul
                0x00001e9c        0x0 /usr/lib/gcc/avr/13.2.0/avr5/libgcc.a(_negdi2.o)
 .text.libgcc.div
                0x00001e9c        0x0 /usr/lib/gcc/avr/13.2.0/avr5/libgcc.a(_negdi2.o)
 .text.libgcc   0x00001e9c       0x20 /usr/lib/gcc/avr/13.2.0/avr5/libgcc.a(_negdi2.o)
                0x00001e9c                __negdi2
 .text.libgcc.prologue
                0x00001ebc        0x0 /usr/lib/gcc/avr/13.2.0/avr5/libgcc.a(_negdi2.o)
 .text.libgcc.builtins
                0x00001ebc        0x0 /usr/lib/gcc/avr/13.2.0/avr5/libgcc.a(_negdi2.o)
 .text.libgcc.fmul
                0x00001ebc        0x0 /usr/lib/gcc/avr/13.2.0/avr5/libgcc.a(_negdi2.o)
 .text.libgcc.fixed
                0x00001ebc        0x0 /usr/lib/gcc/avr/13.2.0/avr5/libgcc.a(_negdi2.o)
 .text.libgcc.mul
                0x00001ebc        0x0 /usr/lib/gcc/avr/13.2.0/avr5/libgcc.a(_prologue.o)
 .text.libgcc.div
                0x00001ebc        0x0 /usr/lib/gcc/avr/13.2.0/avr5/libgcc.a(_prologue.o)
 .text.libgcc   0x00001ebc        0x0 /usr/lib/gcc/avr/13.2.0/avr5/libgcc.a(_prologue.o)
 .text.libgcc.prologue
                0x00001ebc       0x38 /usr/lib/gcc/avr/13.2.0/avr5/libgcc.a(_prologue.o)
                0x00001ebc                __prologue_saves__
 .text.libgcc.builtins
                0x00001ef4        0x0 /usr/lib/gcc/avr/13.2.0/avr5/libgcc.a(_prologue.o)
 .text.libgcc.fmul
                0x00001ef4        0x0 /usr/lib/gcc/avr/13.2.0/avr5/libgcc.a(_prologue.o)
 .text.libgcc.fixed
                0x00001ef4        0x0 /usr/lib/gcc/avr/13.2.0/avr5/libgcc.a(_prologue.o)
 .text.libgcc.mul
                0x00001ef4        0x0 /usr/lib/gcc/avr/13.2.0/avr5/libgcc.a(_epilogue.o)
 .text.libgcc.div
                0x00001ef4        0x0 /usr/lib/gcc/avr/13.2.0/avr5/libgcc.a(_epilogue.o)
 .text.libgcc   0x00001ef4        0x0 /usr/lib/gcc/avr/13.2.0/avr5/libgcc.a(_epilogue.o)
 .text.libgcc.prologue
                0x00001ef4       0x36 /usr/lib/gcc/avr/13.2.0/avr5/libgcc.a(_epilogue.o)
                0x00001ef4                __epilogue_restores__
 .text.libgcc.builtins
                0x00001f2a        0x0 /usr/lib/gcc/avr/13.2.0/avr5/libgcc.a(_epilogue.o)
 .text.libgcc.fmul
                0x00001f2a        0x0 /usr/lib/gcc/avr/13.2.0/avr5/libgcc.a(_epilogue.o)
 .text.libgcc.fixed
                0x00001f2a        0x0 /usr/lib/gcc/avr/13.2.0/avr5/libgcc.a(_epilogue.o)
 .text.libgcc.mul
                0x00001f2a        0x0 /usr/lib/gcc/avr/13.2.0/avr5/libgcc.a(_ashldi3.o)
 .text.libgcc.div
                0x00001f2a        0x0 /usr/lib/gcc/avr/13.2.0/avr5/libgcc.a(_ashldi3.o)
 .text.libgcc   0x00001f2a        0x0 /usr/lib/gcc/avr/13.2.0/avr5/libgcc.a(_ashldi3.o)
 .text.libgcc.prologue
                0x00001f2a        0x0 /usr/lib/gcc/avr/13.2.0/avr5/libgcc.a(_ashldi3.o)
 .text.libgcc.builtins
                0x00001f2a       0x32 /usr/lib/gcc/avr/13.2.0/avr5/libgcc.a(_ashldi3.o)
                0x00001f2a                __ashldi3
 .text.libgcc.fmul
                0x00001f5c        0x0 /usr/lib/gcc/avr/13.2.0/avr5/libgcc.a(_ashldi3.o)
 .text.libgcc.fixed
                0x00001f5c        0x0 /usr/lib/gcc/avr/13.2.0/avr5/libgcc.a(_ashldi3.o)
 .text.libgcc.mul
                0x00001f5c        0x0 /usr/lib/gcc/avr/13.2.0/avr5/libgcc.a(_ashrdi3.o)
 .text.libgcc.div
                0x00001f5c        0x0 /usr/lib/gcc/avr/13.2.0/avr5/libgcc.a(_ashrdi3.o)
 .text.libgcc   0x00001f5c        0x0 /usr/lib/gcc/avr/13.2.0/avr5/libgcc.a(_ashrdi3.o)
 .text.libgcc.prologue
                0x00001f5c        0x0 /usr/lib/gcc/avr/13.2.0/avr5/libgcc.a(_ashrdi3.o)
 .text.libgcc.builtins
                0x00001f5c       0x3a /usr/lib/gcc/avr/13.2.0/avr5/libgcc.a(_ashrdi3.o)
                0x00001f5c                __ashrdi3
                0x00001f60                __lshrdi3
 .text.libgcc.fmul
                0x00001f96        0x0 /usr/lib/gcc/avr/13.2.0/avr5/libgcc.a(_ashrdi3.o)
 .text.libgcc.fixed
                0x00001f96        0x0 /usr/lib/gcc/avr/13.2.0/avr5/libgcc.a(_ashrdi3.o)
 .text.libgcc.mul
                0x00001f96        0x0 /usr/lib/gcc/avr/13.2.0/avr5/libgcc.a(_adddi3.o)
 .text.libgcc.div
                0x00001f96        0x0 /usr/lib/gcc/avr/13.2.0/avr5/libgcc.a(_adddi3.o)
 .text.libgcc   0x00001f96       0x12 /usr/lib/gcc/avr/13.2.0/avr5/libgcc.a(_adddi3.o)
                0x00001f96                __adddi3
 .text.libgcc.prologue
                0x00001fa8        0x0 /usr/lib/gcc/avr/13.2.0/avr5/libgcc.a(_adddi3.o)
 .text.libgcc.builtins
                0x00001fa8        0x0 /usr/lib/gcc/avr/13.2.0/avr5/libgcc.a(_adddi3.o)
 .text.libgcc.fmul
                0x00001fa8        0x0 /usr/lib/gcc/avr/13.2.0/avr5/libgcc.a(_adddi3.o)
 .text.libgcc.fixed
                0x00001fa8        0x0 /usr/lib/gcc/avr/13.2.0/avr5/libgcc.a(_adddi3.o)
 .text.libgcc.mul
                0x00001fa8        0x0 /usr/lib/gcc/avr/13.2.0/avr5/libgcc.a(_udivmodhi4.o)
 .text.libgcc.div
                0x00001fa8       0x28 /usr/lib/gcc/avr/13.2.0/avr5/libgcc.a(_udivmodhi4.o)
                0x00001fa8                __udivmodhi4
 .text.libgcc   0x00001fd0        0x0 /usr/lib/gcc/avr/13.2.0/avr5/libgcc.a(_udivmodhi4.o)
 .text.libgcc.prologue
                0x00001fd0        0x0 /usr/lib/gcc/avr/13.2.0/avr5/libgcc.a(_udivmodhi4.o)
 .text.libgcc.builtins
                0x00001fd0        0x0 /usr/lib/gcc/avr/13.2.0/avr5/libgcc.a(_udivmodhi4.o)
 .text.libgcc.fmul
                0x00001fd0        0x0 /usr/lib/gcc/avr/13.2.0/avr5/libgcc.a(_udivmodhi4.o)
 .text.libgcc.fixed
                0x00001fd0        0x0 /usr/lib/gcc/avr/13.2.0/avr5/libgcc.a(_udivmodhi4.o)
 .text.libgcc.mul
                0x00001fd0        0x0 /usr/lib/gcc/avr/13.2.0/avr5/libgcc.a(_udivmodsi4.o)
 .text.libgcc.div
                0x00001fd0       0x44 /usr/lib/gcc/avr/13.2.0/avr5/libgcc.a(_udivmodsi4.o)
                0x00001fd0                __udivmodsi4
 .text.libgcc   0x00002014        0x0 /usr/lib/gcc/avr/13.2.0/avr5/libgcc.a(_udivmodsi4.o)
 .text.libgcc.prologue
                0x00002014        0x0 /usr/lib/gcc/avr/13.2.0/avr5/libgcc.a(_udivmodsi4.o)
 .text.libgcc.builtins
                0x00002014        0x0 /usr/lib/gcc/avr/13.2.0/avr5/libgcc.a(_udivmodsi4.o)
 .text.libgcc.fmul
                0x00002014        0x0 /usr/lib/gcc/avr/13.2.0/avr5/libgcc.a(_udivmodsi4.o)
 .text.libgcc.fixed
                0x00002014        0x0 /usr/lib/gcc/avr/13.2.0/avr5/libgcc.a(_udivmodsi4.o)
 .text.libgcc.mul
                0x00002014       0x1e /usr/lib/gcc/avr/13.2.0/avr5/libgcc.a(_umulhisi3.o)
                0x00002014                __umulhisi3
 .text.libgcc.div
                0x00002032        0x0 /usr/lib/gcc/avr/13.2.0/avr5/libgcc.a(_umulhisi3.o)
 .text.libgcc   0x00002032        0x0 /usr/lib/gcc/avr/13.2.0/avr5/libgcc.a(_umulhisi3.o)
 .text.libgcc.prologue
                0x00002032        0x0 /usr/lib/gcc/avr/13.2.0/avr5/libgcc.a(_umulhisi3.o)
 .text.libgcc.builtins
                0x00002032        0x0 /usr/lib/gcc/avr/13.2.0/avr5/libgcc.a(_umulhisi3.o)
 .text.libgcc.fmul
                0x00002032        0x0 /usr/lib/gcc/avr/13.2.0/avr5/libgcc.a(_umulhisi3.o)
 .text.libgcc.fixed
                0x00002032        0x0 /usr/lib/gcc/avr/13.2.0/avr5/libgcc.a(_umulhisi3.o)
 .text.avr-libc
                0x00002032      0x1b0 /usr/lib/gcc/avr/13.2.0/../../../../avr/lib/avr5/libc.a(ftoa_engine.o)
                0x00002032                __ftoa_engine
 .text.avr-libc
                0x000021e2       0x12 /usr/lib/gcc/avr/13.2.0/../../../../avr/lib/avr5/libc.a(isspace.o)
                0x000021e2                isspace
 .text.avr-libc
                0x000021f4       0x10 /usr/lib/gcc/avr/13.2.0/../../../../avr/lib/avr5/libc.a(tolower.o)
                0x000021f4                tolower
 .text.avr-libc
                0x00002204       0x16 /usr/lib/gcc/avr/13.2.0/../../../../avr/lib/avr5/libc.a(strchr_P.o)
                0x00002204                strchr_P
 .text.avr-libc
                0x0000221a       0x16 /usr/lib/gcc/avr/13.2.0/../../../../avr/lib/avr5/libc.a(strnlen_P.o)
                0x0000221a                strnlen_P
 .text.avr-libc
                0x00002230       0x16 /usr/lib/gcc/avr/13.2.0/../../../../avr/lib/avr5/libc.a(strnlen.o)
                0x00002230                strnlen
 .text.avr-libc
                0x00002246       0x7e /usr/lib/gcc/avr/13.2.0/../../../../avr/lib/avr5/libc.a(fgetc.o)
                0x00002246                fgetc
 .text.avr-libc
                0x000022c4       0x60 /usr/lib/gcc/avr/13.2.0/../../../../avr/lib/avr5/libc.a(fputc.o)
                0x000022c4                fputc
 .text.avr-libc
                0x00002324       0x2c /usr/lib/gcc/avr/13.2.0/../../../../avr/lib/avr5/libc.a(printf.o)
                0x00002324                printf
 .text.avr-libc
                0x00002350       0x2c /usr/lib/gcc/avr/13.2.0/../../../../avr/lib/avr5/libc.a(scanf.o)
                0x00002350                scanf
 .text.avr-libc
                0x0000237c       0x30 /usr/lib/gcc/avr/13.2.0/../../../../avr/lib/avr5/libc.a(ungetc.o)
                0x0000237c                ungetc
 .text.avr-libc
                0x000023ac       0xbc /usr/lib/gcc/avr/13.2.0/../../../../avr/lib/avr5/libc.a(ultoa_invert.o)
                0x000023ac                __ultoa_invert
 .text.avr-libc
                0x00002468        0x6 /usr/lib/gcc/avr/13.2.0/../../../../avr/lib/avr5/libc.a(cty_isfalse.o)
                0x00002468                __ctype_isfalse
                0x0000246c                __ctype_istrue
                0x0000246e                        . = ALIGN (0x2)
 *(.fini9)
 .fini9         0x0000246e        0x0 /usr/lib/gcc/avr/13.2.0/avr5/libgcc.a(_exit.o)
                0x0000246e                exit
                0x0000246e                _exit
 *(.fini9)
 *(.fini8)
 *(.fini8)
 *(.fini7)
 *(.fini7)
 *(.fini6)
 *(.fini6)
 *(.fini5)
 *(.fini5)
 *(.fini4)
 *(.fini4)
 *(.fini3)
 *(.fini3)
 *(.fini2)
 *(.fini2)
 *(.fini1)
 *(.fini1)
 *(.fini0)
 .fini0         0x0000246e        0x4 /usr/lib/gcc/avr/13.2.0/avr5/libgcc.a(_exit.o)
 *(.fini0)
 *(.hightext)
 *(.hightext*)
 *(.progmemx.*)
                0x00002472                        . = ALIGN (0x2)
 *(.jumptables)
 *(.jumptables*)
                0x00002472                        _etext = .

.data           0x00800100      0x14a load address 0x00002472
                0x00800100                        PROVIDE (__data_start = .)
 *(.data)
 .data          0x00800100        0x0 /usr/lib/gcc/avr/13.2.0/../../../../avr/lib/avr5/crtatmega328p.o
 .data          0x00800100        0x0 zad4.o
 .data          0x00800100        0x0 /usr/lib/gcc/avr/13.2.0/../../../../avr/lib/avr5/libprintf_flt.a(vfprintf_flt.o)
 .data          0x00800100        0x0 /usr/lib/gcc/avr/13.2.0/../../../../avr/lib/avr5/libscanf_flt.a(vfscanf_flt.o)
 .data          0x00800100        0x0 /usr/lib/gcc/avr/13.2.0/../../../../avr/lib/avr5/libm.a(addsf3.o)
 .data          0x00800100        0x0 /usr/lib/gcc/avr/13.2.0/../../../../avr/lib/avr5/libm.a(addsf3x.o)
 .data          0x00800100        0x0 /usr/lib/gcc/avr/13.2.0/../../../../avr/lib/avr5/libm.a(divsf3.o)
 .data          0x00800100        0x0 /usr/lib/gcc/avr/13.2.0/../../../../avr/lib/avr5/libm.a(divsf3x.o)
 .data          0x00800100        0x0 /usr/lib/gcc/avr/13.2.0/../../../../avr/lib/avr5/libm.a(floatsisf.o)
 .data          0x00800100        0x0 /usr/lib/gcc/avr/13.2.0/../../../../avr/lib/avr5/libm.a(fp_inf.o)
 .data          0x00800100        0x0 /usr/lib/gcc/avr/13.2.0/../../../../avr/lib/avr5/libm.a(fp_nan.o)
 .data          0x00800100        0x0 /usr/lib/gcc/avr/13.2.0/../../../../avr/lib/avr5/libm.a(fp_pscA.o)
 .data          0x00800100        0x0 /usr/lib/gcc/avr/13.2.0/../../../../avr/lib/avr5/libm.a(fp_pscB.o)
 .data          0x00800100        0x0 /usr/lib/gcc/avr/13.2.0/../../../../avr/lib/avr5/libm.a(fp_round.o)
 .data          0x00800100        0x0 /usr/lib/gcc/avr/13.2.0/../../../../avr/lib/avr5/libm.a(fp_split3.o)
 .data          0x00800100        0x0 /usr/lib/gcc/avr/13.2.0/../../../../avr/lib/avr5/libm.a(fp_zero.o)
 .data          0x00800100        0x0 /usr/lib/gcc/avr/13.2.0/../../../../avr/lib/avr5/libm.a(mulsf3.o)
 .data          0x00800100        0x0 /usr/lib/gcc/avr/13.2.0/../../../../avr/lib/avr5/libm.a(mulsf3x.o)
 .data          0x00800100        0x0 /usr/lib/gcc/avr/13.2.0/avr5/libgcc.a(_mulsi3.o)
 .data          0x00800100        0x0 /usr/lib/gcc/avr/13.2.0/avr5/libgcc.a(_divmodhi4.o)
 .data          0x00800100        0x0 /usr/lib/gcc/avr/13.2.0/avr5/libgcc.a(_divmodsi4.o)
 .data          0x00800100        0x0 /usr/lib/gcc/avr/13.2.0/avr5/libgcc.a(_negsi2.o)
 .data          0x00800100        0x0 /usr/lib/gcc/avr/13.2.0/avr5/libgcc.a(_exit.o)
 .data          0x00800100        0x0 /usr/lib/gcc/avr/13.2.0/avr5/libgcc.a(_copy_data.o)
 .data          0x00800100        0x0 /usr/lib/gcc/avr/13.2.0/avr5/libgcc.a(_clear_bss.o)
 .data          0x00800100        0x0 /usr/lib/gcc/avr/13.2.0/avr5/libgcc.a(_muluhisi3.o)
 .data          0x00800100        0x0 /usr/lib/gcc/avr/13.2.0/avr5/libgcc.a(_muldi3.o)
 .data          0x00800100        0x0 /usr/lib/gcc/avr/13.2.0/avr5/libgcc.a(_muldi3_6.o)
 .data          0x00800100        0x0 /usr/lib/gcc/avr/13.2.0/avr5/libgcc.a(_divdi3.o)
 .data          0x00800100        0x0 /usr/lib/gcc/avr/13.2.0/avr5/libgcc.a(_udivdi3.o)
 .data          0x00800100        0x0 /usr/lib/gcc/avr/13.2.0/avr5/libgcc.a(_udivmod64.o)
 .data          0x00800100        0x0 /usr/lib/gcc/avr/13.2.0/avr5/libgcc.a(_negdi2.o)
 .data          0x00800100        0x0 /usr/lib/gcc/avr/13.2.0/avr5/libgcc.a(_prologue.o)
 .data          0x00800100        0x0 /usr/lib/gcc/avr/13.2.0/avr5/libgcc.a(_epilogue.o)
 .data          0x00800100        0x0 /usr/lib/gcc/avr/13.2.0/avr5/libgcc.a(_ashldi3.o)
 .data          0x00800100        0x0 /usr/lib/gcc/avr/13.2.0/avr5/libgcc.a(_ashrdi3.o)
 .data          0x00800100        0x0 /usr/lib/gcc/avr/13.2.0/avr5/libgcc.a(_adddi3.o)
 .data          0x00800100        0x0 /usr/lib/gcc/avr/13.2.0/avr5/libgcc.a(_udivmodhi4.o)
 .data          0x00800100        0x0 /usr/lib/gcc/avr/13.2.0/avr5/libgcc.a(_udivmodsi4.o)
 .data          0x00800100        0x0 /usr/lib/gcc/avr/13.2.0/avr5/libgcc.a(_umulhisi3.o)
 .data          0x00800100        0x0 /usr/lib/gcc/avr/13.2.0/../../../../avr/lib/avr5/libc.a(ftoa_engine.o)
 .data          0x00800100        0x0 /usr/lib/gcc/avr/13.2.0/../../../../avr/lib/avr5/libc.a(isspace.o)
 .data          0x00800100        0x0 /usr/lib/gcc/avr/13.2.0/../../../../avr/lib/avr5/libc.a(tolower.o)
 .data          0x00800100        0x0 /usr/lib/gcc/avr/13.2.0/../../../../avr/lib/avr5/libc.a(strchr_P.o)
 .data          0x00800100        0x0 /usr/lib/gcc/avr/13.2.0/../../../../avr/lib/avr5/libc.a(strnlen_P.o)
 .data          0x00800100        0x0 /usr/lib/gcc/avr/13.2.0/../../../../avr/lib/avr5/libc.a(strnlen.o)
 .data          0x00800100        0x0 /usr/lib/gcc/avr/13.2.0/../../../../avr/lib/avr5/libc.a(fgetc.o)
 .data          0x00800100        0x0 /usr/lib/gcc/avr/13.2.0/../../../../avr/lib/avr5/libc.a(fputc.o)
 .data          0x00800100        0x0 /usr/lib/gcc/avr/13.2.0/../../../../avr/lib/avr5/libc.a(iob.o)
 .data          0x00800100        0x0 /usr/lib/gcc/avr/13.2.0/../../../../avr/lib/avr5/libc.a(printf.o)
 .data          0x00800100        0x0 /usr/lib/gcc/avr/13.2.0/../../../../avr/lib/avr5/libc.a(scanf.o)
 .data          0x00800100        0x0 /usr/lib/gcc/avr/13.2.0/../../../../avr/lib/avr5/libc.a(ungetc.o)
 .data          0x00800100        0x0 /usr/lib/gcc/avr/13.2.0/../../../../avr/lib/avr5/libc.a(ultoa_invert.o)
 .data          0x00800100        0x0 /usr/lib/gcc/avr/13.2.0/../../../../avr/lib/avr5/libc.a(cty_isfalse.o)
 *(.data*)
 *(.gnu.linkonce.d*)
 *(.rodata)
 *(.rodata*)
 .rodata.str1.1
                0x00800100      0x14a zad4.o
 *(.gnu.linkonce.r*)
                0x0080024a                        . = ALIGN (0x2)
                0x0080024a                        _edata = .
                0x0080024a                        PROVIDE (__data_end = .)

.bss            0x0080024a       0x14
                0x0080024a                        PROVIDE (__bss_start = .)
 *(.bss)
 .bss           0x0080024a        0x0 /usr/lib/gcc/avr/13.2.0/../../../../avr/lib/avr5/crtatmega328p.o
 .bss           0x0080024a        0xe zad4.o
                0x0080024a                uart_file
 .bss           0x00800258        0x0 /usr/lib/gcc/avr/13.2.0/../../../../avr/lib/avr5/libprintf_flt.a(vfprintf_flt.o)
 .bss           0x00800258        0x0 /usr/lib/gcc/avr/13.2.0/../../../../avr/lib/avr5/libscanf_flt.a(vfscanf_flt.o)
 .bss           0x00800258        0x0 /usr/lib/gcc/avr/13.2.0/../../../../avr/lib/avr5/libm.a(addsf3.o)
 .bss           0x00800258        0x0 /usr/lib/gcc/avr/13.2.0/../../../../avr/lib/avr5/libm.a(addsf3x.o)
 .bss           0x00800258        0x0 /usr/lib/gcc/avr/13.2.0/../../../../avr/lib/avr5/libm.a(divsf3.o)
 .bss           0x00800258        0x0 /usr/lib/gcc/avr/13.2.0/../../../../avr/lib/avr5/libm.a(divsf3x.o)
 .bss           0x00800258        0x0 /usr/lib/gcc/avr/13.2.0/../../../../avr/lib/avr5/libm.a(floatsisf.o)
 .bss           0x00800258        0x0 /usr/lib/gcc/avr/13.2.0/../../../../avr/lib/avr5/libm.a(fp_inf.o)
 .bss           0x00800258        0x0 /usr/lib/gcc/avr/13.2.0/../../../../avr/lib/avr5/libm.a(fp_nan.o)
 .bss           0x00800258        0x0 /usr/lib/gcc/avr/13.2.0/../../../../avr/lib/avr5/libm.a(fp_pscA.o)
 .bss           0x00800258        0x0 /usr/lib/gcc/avr/13.2.0/../../../../avr/lib/avr5/libm.a(fp_pscB.o)
 .bss           0x00800258        0x0 /usr/lib/gcc/avr/13.2.0/../../../../avr/lib/avr5/libm.a(fp_round.o)
 .bss           0x00800258        0x0 /usr/lib/gcc/avr/13.2.0/../../../../avr/lib/avr5/libm.a(fp_split3.o)
 .bss           0x00800258        0x0 /usr/lib/gcc/avr/13.2.0/../../../../avr/lib/avr5/libm.a(fp_zero.o)
 .bss           0x00800258        0x0 /usr/lib/gcc/avr/13.2.0/../../../../avr/lib/avr5/libm.a(mulsf3.o)
 .bss           0x00800258        0x0 /usr/lib/gcc/avr/13.2.0/../../../../avr/lib/avr5/libm.a(mulsf3x.o)
 .bss           0x00800258        0x0 /usr/lib/gcc/avr/13.2.0/avr5/libgcc.a(_mulsi3.o)
 .bss           0x00800258        0x0 /usr/lib/gcc/avr/13.2.0/avr5/libgcc.a(_divmodhi4.o)
 .bss           0x00800258        0x0 /usr/lib/gcc/avr/13.2.0/avr5/libgcc.a(_divmodsi4.o)
 .bss           0x00800258        0x0 /usr/lib/gcc/avr/13.2.0/avr5/libgcc.a(_negsi2.o)
 .bss           0x00800258        0x0 /usr/lib/gcc/avr/13.2.0/avr5/libgcc.a(_exit.o)
 .bss           0x00800258        0x0 /usr/lib/gcc/avr/13.2.0/avr5/libgcc.a(_copy_data.o)
 .bss           0x00800258        0x0 /usr/lib/gcc/avr/13.2.0/avr5/libgcc.a(_clear_bss.o)
 .bss           0x00800258        0x0 /usr/lib/gcc/avr/13.2.0/avr5/libgcc.a(_muluhisi3.o)
 .bss           0x00800258        0x0 /usr/lib/gcc/avr/13.2.0/avr5/libgcc.a(_muldi3.o)
 .bss           0x00800258        0x0 /usr/lib/gcc/avr/13.2.0/avr5/libgcc.a(_muldi3_6.o)
 .bss           0x00800258        0x0 /usr/lib/gcc/avr/13.2.0/avr5/libgcc.a(_divdi3.o)
 .bss           0x00800258        0x0 /usr/lib/gcc/avr/13.2.0/avr5/libgcc.a(_udivdi3.o)
 .bss           0x00800258        0x0 /usr/lib/gcc/avr/13.2.0/avr5/libgcc.a(_udivmod64.o)
 .bss           0x00800258        0x0 /usr/lib/gcc/avr/13.2.0/avr5/libgcc.a(_negdi2.o)
 .bss           0x00800258        0x0 /usr/lib/gcc/avr/13.2.0/avr5/libgcc.a(_prologue.o)
 .bss           0x00800258        0x0 /usr/lib/gcc/avr/13.2.0/avr5/libgcc.a(_epilogue.o)
 .bss           0x00800258        0x0 /usr/lib/gcc/avr/13.2.0/avr5/libgcc.a(_ashldi3.o)
 .bss           0x00800258        0x0 /usr/lib/gcc/avr/13.2.0/avr5/libgcc.a(_ashrdi3.o)
 .bss           0x00800258        0x0 /usr/lib/gcc/avr/13.2.0/avr5/libgcc.a(_adddi3.o)
 .bss           0x00800258        0x0 /usr/lib/gcc/avr/13.2.0/avr5/libgcc.a(_udivmodhi4.o)
 .bss           0x00800258        0x0 /usr/lib/gcc/avr/13.2.0/avr5/libgcc.a(_udivmodsi4.o)
 .bss           0x00800258        0x0 /usr/lib/gcc/avr/13.2.0/avr5/libgcc.a(_umulhisi3.o)
 .bss           0x00800258        0x0 /usr/lib/gcc/avr/13.2.0/../../../../avr/lib/avr5/libc.a(ftoa_engine.o)
 .bss           0x00800258        0x0 /usr/lib/gcc/avr/13.2.0/../../../../avr/lib/avr5/libc.a(isspace.o)
 .bss           0x00800258        0x0 /usr/lib/gcc/avr/13.2.0/../../../../avr/lib/avr5/libc.a(tolower.o)
 .bss           0x00800258        0x0 /usr/lib/gcc/avr/13.2.0/../../../../avr/lib/avr5/libc.a(strchr_P.o)
 .bss           0x00800258        0x0 /usr/lib/gcc/avr/13.2.0/../../../../avr/lib/avr5/libc.a(strnlen_P.o)
 .bss           0x00800258        0x0 /usr/lib/gcc/avr/13.2.0/../../../../avr/lib/avr5/libc.a(strnlen.o)
 .bss           0x00800258        0x0 /usr/lib/gcc/avr/13.2.0/../../../../avr/lib/avr5/libc.a(fgetc.o)
 .bss           0x00800258        0x0 /usr/lib/gcc/avr/13.2.0/../../../../avr/lib/avr5/libc.a(fputc.o)
 .bss           0x00800258        0x6 /usr/lib/gcc/avr/13.2.0/../../../../avr/lib/avr5/libc.a(iob.o)
                0x00800258                __iob
 .bss           0x0080025e        0x0 /usr/lib/gcc/avr/13.2.0/../../../../avr/lib/avr5/libc.a(printf.o)
 .bss           0x0080025e        0x0 /usr/lib/gcc/avr/13.2.0/../../../../avr/lib/avr5/libc.a(scanf.o)
 .bss           0x0080025e        0x0 /usr/lib/gcc/avr/13.2.0/../../../../avr/lib/avr5/libc.a(ungetc.o)
 .bss           0x0080025e        0x0 /usr/lib/gcc/avr/13.2.0/../../../../avr/lib/avr5/libc.a(ultoa_invert.o)
 .bss           0x0080025e        0x0 /usr/lib/gcc/avr/13.2.0/../../../../avr/lib/avr5/libc.a(cty_isfalse.o)
 *(.bss*)
 *(COMMON)
                0x0080025e                        PROVIDE (__bss_end = .)
                0x00002472                        __data_load_start = LOADADDR (.data)
                0x000025bc                        __data_load_end = (__data_load_start + SIZEOF (.data))

.noinit         0x0080025e        0x0
                [!provide]                        PROVIDE (__noinit_start = .)
 *(.noinit .noinit.* .gnu.linkonce.n.*)
                [!provide]                        PROVIDE (__noinit_end = .)
                0x0080025e                        _end = .
                [!provide]                        PROVIDE (__heap_start = .)

.eeprom         0x00810000        0x0
 *(.eeprom*)
                0x00810000                        __eeprom_end = .

.fuse
 *(.fuse)
 *(.lfuse)
 *(.hfuse)
 *(.efuse)

.lock
 *(.lock*)

.signature
 *(.signature*)

.stab
 *(.stab)

.stabstr
 *(.stabstr)

.stab.excl
 *(.stab.excl)

.stab.exclstr
 *(.stab.exclstr)

.stab.index
 *(.stab.index)

.stab.indexstr
 *(.stab.indexstr)

.comment        0x00000000       0x12
 *(.comment)
 .comment       0x00000000       0x12 zad4.o
                                 0x13 (size before relaxing)
 .comment       0x00000012       0x13 /usr/lib/gcc/avr/13.2.0/../../../../avr/lib/avr5/libprintf_flt.a(vfprintf_flt.o)
 .comment       0x00000012       0x13 /usr/lib/gcc/avr/13.2.0/../../../../avr/lib/avr5/libscanf_flt.a(vfscanf_flt.o)
 .comment       0x00000012       0x13 /usr/lib/gcc/avr/13.2.0/../../../../avr/lib/avr5/libc.a(fgetc.o)
 .comment       0x00000012       0x13 /usr/lib/gcc/avr/13.2.0/../../../../avr/lib/avr5/libc.a(fputc.o)
 .comment       0x00000012       0x13 /usr/lib/gcc/avr/13.2.0/../../../../avr/lib/avr5/libc.a(iob.o)
 .comment       0x00000012       0x13 /usr/lib/gcc/avr/13.2.0/../../../../avr/lib/avr5/libc.a(printf.o)
 .comment       0x00000012       0x13 /usr/lib/gcc/avr/13.2.0/../../../../avr/lib/avr5/libc.a(scanf.o)
 .comment       0x00000012       0x13 /usr/lib/gcc/avr/13.2.0/../../../../avr/lib/avr5/libc.a(ungetc.o)

.note.gnu.avr.deviceinfo
                0x00000000       0x40
 .note.gnu.avr.deviceinfo
                0x00000000       0x40 /usr/lib/gcc/avr/13.2.0/../../../../avr/lib/avr5/crtatmega328p.o

.gnu.build.attributes
 *(.gnu.build.attributes .gnu.build.attributes.*)

.note.gnu.build-id
 *(.note.gnu.build-id)

.debug
 *(.debug)

.line
 *(.line)

.debug_srcinfo
 *(.debug_srcinfo)

.debug_sfnames
 *(.debug_sfnames)

.debug_aranges  0x00000000       0x28
 *(.debug_aranges)
 .debug_aranges
                0x00000000       0x28 zad4.o

.debug_pubnames
 *(.debug_pubnames)

.debug_info     0x00000000      0xc14
 *(.debug_info .gnu.linkonce.wi.*)
 .debug_info    0x00000000      0x5f4 /usr/lib/gcc/avr/13.2.0/../../../../avr/lib/avr5/crtatmega328p.o
 .debug_info    0x000005f4      0x620 zad4.o

.debug_abbrev   0x00000000      0x7b3
 *(.debug_abbrev)
 .debug_abbrev  0x00000000      0x5a2 /usr/lib/gcc/avr/13.2.0/../../../../avr/lib/avr5/crtatmega328p.o
 .debug_abbrev  0x000005a2      0x211 zad4.o

.debug_line     0x00000000      0x587
 *(.debug_line .debug_line.* .debug_line_end)
 .debug_line    0x00000000       0x1d /usr/lib/gcc/avr/13.2.0/../../../../avr/lib/avr5/crtatmega328p.o
 .debug_line    0x0000001d      0x56a zad4.o

.debug_frame    0x00000000       0x5c
 *(.debug_frame)
 .debug_frame   0x00000000       0x5c zad4.o

.debug_str      0x00000000      0x3d5
 *(.debug_str)
 .debug_str     0x00000000      0x208 /usr/lib/gcc/avr/13.2.0/../../../../avr/lib/avr5/crtatmega328p.o
 .debug_str     0x00000208      0x1cd zad4.o
                                0x21a (size before relaxing)

.debug_loc
 *(.debug_loc)

.debug_macinfo
 *(.debug_macinfo)

.debug_weaknames
 *(.debug_weaknames)

.debug_funcnames
 *(.debug_funcnames)

.debug_typenames
 *(.debug_typenames)

.debug_varnames
 *(.debug_varnames)

.debug_pubtypes
 *(.debug_pubtypes)

.debug_ranges
 *(.debug_ranges)

.debug_addr
 *(.debug_addr)

.debug_line_str
                0x00000000       0x4b
 *(.debug_line_str)
 .debug_line_str
                0x00000000       0x4b zad4.o
                                 0x7b (size before relaxing)

.debug_loclists
                0x00000000      0x482
 *(.debug_loclists)
 .debug_loclists
                0x00000000      0x482 zad4.o

.debug_macro
 *(.debug_macro)

.debug_names
 *(.debug_names)

.debug_rnglists
                0x00000000       0x27
 *(.debug_rnglists)
 .debug_rnglists
                0x00000000       0x27 zad4.o

.debug_str_offsets
 *(.debug_str_offsets)

.debug_sup
 *(.debug_sup)
OUTPUT(zad4.elf elf32-avr)
LOAD linker stubs
